Archive member included to satisfy reference by file (symbol)

app/libapp.a(main.c.obj)      (--whole-archive)
zephyr/libzephyr.a(validate_libc.c.obj)
                              (--whole-archive)
zephyr/libzephyr.a(heap.c.obj)
                              (--whole-archive)
zephyr/libzephyr.a(mem_blocks.c.obj)
                              (--whole-archive)
zephyr/libzephyr.a(boot_banner.c.obj)
                              (--whole-archive)
zephyr/libzephyr.a(cbprintf_packaged.c.obj)
                              (--whole-archive)
zephyr/libzephyr.a(clock.c.obj)
                              (--whole-archive)
zephyr/libzephyr.a(printk.c.obj)
                              (--whole-archive)
zephyr/libzephyr.a(cbprintf_complete.c.obj)
                              (--whole-archive)
zephyr/libzephyr.a(assert.c.obj)
                              (--whole-archive)
zephyr/libzephyr.a(dec.c.obj)
                              (--whole-archive)
zephyr/libzephyr.a(hex.c.obj)
                              (--whole-archive)
zephyr/libzephyr.a(rb.c.obj)  (--whole-archive)
zephyr/libzephyr.a(set.c.obj)
                              (--whole-archive)
zephyr/libzephyr.a(timeutil.c.obj)
                              (--whole-archive)
zephyr/libzephyr.a(bitarray.c.obj)
                              (--whole-archive)
zephyr/libzephyr.a(bitmask.c.obj)
                              (--whole-archive)
zephyr/libzephyr.a(getopt.c.obj)
                              (--whole-archive)
zephyr/libzephyr.a(getopt_common.c.obj)
                              (--whole-archive)
zephyr/libzephyr.a(ring_buffer.c.obj)
                              (--whole-archive)
zephyr/libzephyr.a(last_section_id.c.obj)
                              (--whole-archive)
zephyr/libzephyr.a(configs.c.obj)
                              (--whole-archive)
zephyr/libzephyr.a(soc.c.obj)
                              (--whole-archive)
zephyr/libzephyr.a(tracing_none.c.obj)
                              (--whole-archive)
zephyr/libzephyr.a(cdc_acm_serial.c.obj)
                              (--whole-archive)
zephyr/libzephyr.a(sem.c.obj)
                              (--whole-archive)
zephyr/libzephyr.a(thread_entry.c.obj)
                              (--whole-archive)
zephyr/arch/common/libarch__common.a(sw_isr_common.c.obj)
                              (--whole-archive)
zephyr/arch/common/libarch__common.a(init.c.obj)
                              (--whole-archive)
zephyr/arch/common/libarch__common.a(xip.c.obj)
                              (--whole-archive)
zephyr/arch/common/libarch__common.a(instr_mem.c.obj)
                              (--whole-archive)
zephyr/arch/arch/arm/core/libarch__arm__core.a(fatal.c.obj)
                              (--whole-archive)
zephyr/arch/arch/arm/core/libarch__arm__core.a(nmi.c.obj)
                              (--whole-archive)
zephyr/arch/arch/arm/core/libarch__arm__core.a(nmi_on_reset.S.obj)
                              (--whole-archive)
zephyr/arch/arch/arm/core/libarch__arm__core.a(tls.c.obj)
                              (--whole-archive)
zephyr/arch/arch/arm/core/cortex_m/libarch__arm__core__cortex_m.a(fault.c.obj)
                              (--whole-archive)
zephyr/arch/arch/arm/core/cortex_m/libarch__arm__core__cortex_m.a(fault_s.S.obj)
                              (--whole-archive)
zephyr/arch/arch/arm/core/cortex_m/libarch__arm__core__cortex_m.a(fpu.c.obj)
                              (--whole-archive)
zephyr/arch/arch/arm/core/cortex_m/libarch__arm__core__cortex_m.a(reset.S.obj)
                              (--whole-archive)
zephyr/arch/arch/arm/core/cortex_m/libarch__arm__core__cortex_m.a(scb.c.obj)
                              (--whole-archive)
zephyr/arch/arch/arm/core/cortex_m/libarch__arm__core__cortex_m.a(vector_table.S.obj)
                              (--whole-archive)
zephyr/arch/arch/arm/core/cortex_m/libarch__arm__core__cortex_m.a(svc.S.obj)
                              (--whole-archive)
zephyr/arch/arch/arm/core/cortex_m/libarch__arm__core__cortex_m.a(irq_manage.c.obj)
                              (--whole-archive)
zephyr/arch/arch/arm/core/cortex_m/libarch__arm__core__cortex_m.a(prep_c.c.obj)
                              (--whole-archive)
zephyr/arch/arch/arm/core/cortex_m/libarch__arm__core__cortex_m.a(thread.c.obj)
                              (--whole-archive)
zephyr/arch/arch/arm/core/cortex_m/libarch__arm__core__cortex_m.a(cpu_idle.c.obj)
                              (--whole-archive)
zephyr/arch/arch/arm/core/cortex_m/libarch__arm__core__cortex_m.a(exc_exit.c.obj)
                              (--whole-archive)
zephyr/arch/arch/arm/core/cortex_m/libarch__arm__core__cortex_m.a(thread_abort.c.obj)
                              (--whole-archive)
zephyr/arch/arch/arm/core/cortex_m/libarch__arm__core__cortex_m.a(swap_helper.S.obj)
                              (--whole-archive)
zephyr/arch/arch/arm/core/cortex_m/libarch__arm__core__cortex_m.a(irq_init.c.obj)
[...]
Memory Configuration

Name             Origin             Length             Attributes
FLASH            0x10000000         0x00400000         xr
RAM              0x20000000         0x00082000         xw
IDT_LIST         0xffff7fff         0x00008000         xw
*default*        0x00000000         0xffffffff

Linker script and memory map

                0x10004a80                        vfprintf = __l_vfprintf
                0x00000000                        vfscanf = __l_vfscanf
LOAD zephyr/CMakeFiles/zephyr_pre0.dir/misc/empty_file.c.obj
LOAD zephyr/CMakeFiles/offsets.dir/./arch/arm/core/offsets/offsets.c.obj
LOAD app/libapp.a
LOAD zephyr/libzephyr.a
LOAD zephyr/arch/common/libarch__common.a
LOAD zephyr/arch/arch/arm/core/libarch__arm__core.a
LOAD zephyr/arch/arch/arm/core/cortex_m/libarch__arm__core__cortex_m.a
LOAD zephyr/arch/arch/arm/core/cortex_m/cmse/libarch__arm__core__cortex_m__cmse.a
LOAD zephyr/lib/libc/picolibc/liblib__libc__picolibc.a
LOAD zephyr/lib/libc/common/liblib__libc__common.a
LOAD zephyr/lib/net_buf/liblib__net_buf.a
LOAD zephyr/soc/soc/rp2350a/rp2350/libsoc__raspberrypi__rpi_pico__rp2350.a
LOAD zephyr/subsys/portability/posix/c_lib_ext/libsubsys__portability__posix__c_lib_ext.a
LOAD zephyr/subsys/usb/device_next/libsubsys__usb__device_next.a
LOAD zephyr/drivers/usb/udc/libdrivers__usb__udc.a
LOAD zephyr/drivers/usb/common/buf/libdrivers__usb__common__buf.a
LOAD zephyr/drivers/clock_control/libdrivers__clock_control.a
LOAD zephyr/drivers/console/libdrivers__console.a
LOAD zephyr/drivers/gpio/libdrivers__gpio.a
LOAD zephyr/drivers/hwinfo/libdrivers__hwinfo.a
LOAD zephyr/drivers/pinctrl/libdrivers__pinctrl.a
LOAD zephyr/drivers/reset/libdrivers__reset.a
LOAD zephyr/drivers/serial/libdrivers__serial.a
LOAD zephyr/drivers/timer/libdrivers__timer.a
LOAD modules/hal_rpi_pico/libmodules__hal_rpi_pico.a
LOAD zephyr/kernel/libkernel.a
LOAD zephyr/arch/common/libisr_tables.a
LOAD C:/Users/rcjam/zephyr-sdk-1.0.1/gnu/arm-zephyr-eabi/bin/../lib/gcc/arm-zephyr-eabi/14.3.0/../../../../arm-zephyr-eabi/lib/thumb/v8-m.main/nofp/space\libc.a
LOAD C:/Users/rcjam/zephyr-sdk-1.0.1/gnu/arm-zephyr-eabi/bin/../lib/gcc/arm-zephyr-eabi/14.3.0/thumb/v8-m.main/nofp/space\libgcc.a
                0x00000004                        _region_min_align = 0x4

.rel.plt        0x10000000        0x0
 *(SORT_BY_ALIGNMENT(.rel.plt))
                [!provide]                        PROVIDE (__rel_iplt_start = .)
 *(SORT_BY_ALIGNMENT(.rel.iplt))
 .rel.iplt      0x10000000        0x0 app/libapp.a(main.c.obj)
                [!provide]                        PROVIDE (__rel_iplt_end = .)

.rela.plt       0x00000000        0x0
 *(SORT_BY_ALIGNMENT(.rela.plt))
                [!provide]                        PROVIDE (__rela_iplt_start = .)
 *(SORT_BY_ALIGNMENT(.rela.iplt))
                [!provide]                        PROVIDE (__rela_iplt_end = .)

.rel.dyn
 *(SORT_BY_ALIGNMENT(.rel.*))

.rela.dyn
 *(SORT_BY_ALIGNMENT(.rela.*))

/DISCARD/
 *(SORT_BY_ALIGNMENT(.plt))

/DISCARD/
 *(SORT_BY_ALIGNMENT(.iplt))
                0x10000000                        __rom_region_start = 0x10000000

rom_start       0x10000000      0x12c
                0x10000000                        __rom_start_address = .
 FILL mask 0x00
                0x10000000                        . = (. + (0x0 - (. - __rom_start_address)))
                0x10000000                        . = ALIGN (0x4)
                0x10000000                        . = ALIGN (0x80)
                0x10000000                        . = ALIGN (0x200)
                0x10000000                        _vector_start = .
 *(SORT_BY_ALIGNMENT(.exc_vector_table))
 *(SORT_BY_ALIGNMENT(.exc_vector_table.*))
 .exc_vector_table._vector_table_section
                0x10000000       0x40 zephyr/arch/arch/arm/core/cortex_m/libarch__arm__core__cortex_m.a(vector_table.S.obj)
                0x10000000                _vector_table
 *(SORT_BY_ALIGNMENT(.vectors))
                0x10000110                        _vector_end = .
                0x10000040                        . = ALIGN (0x4)
 *(SORT_BY_ALIGNMENT(.gnu.linkonce.irq_vector_table*))
 .gnu.linkonce.irq_vector_table
                0x10000040       0xd0 zephyr/arch/common/libisr_tables.a(isr_tables.c.obj)
                0x10000040                _irq_vector_table
                0x10000110                        _vector_end = .
                0x10000110        0x4 LONG 0xffffded3
                0x10000114        0x2 SHORT 0x142
                0x10000116        0x2 SHORT 0x1021
                0x10000118        0x4 LONG 0x203
                0x1000011c        0x4 LONG 0x10000000 ABSOLUTE (_vector_start)
                0x10000120        0x2 SHORT 0x3ff
                0x10000122        0x2 SHORT 0x0
                0x10000124        0x4 LONG 0x0
                0x10000128        0x4 LONG 0xab123579

text            0x10000130     0x9128
                0x10000130                        __text_region_start = .
 *(SORT_BY_ALIGNMENT(.text))
 .text          0x10000130      0x21c C:/Users/rcjam/zephyr-sdk-1.0.1/gnu/arm-zephyr-eabi/bin/../lib/gcc/arm-zephyr-eabi/14.3.0/thumb/v8-m.main/nofp/space\libgcc.a(_arm_addsubsf3.o)
                0x10000130                __aeabi_frsub
                0x10000138                __subsf3
                0x10000138                __aeabi_fsub
                0x1000013c                __aeabi_fadd
                0x1000013c                __addsf3
                0x1000029c                __aeabi_ui2f
                0x1000029c                __floatunsisf
                0x100002a4                __aeabi_i2f
                0x100002a4                __floatsisf
                0x100002c0                __aeabi_ul2f
                0x100002c0                __floatundisf
                0x100002d0                __aeabi_l2f
                0x100002d0                __floatdisf
 .text          0x1000034c      0x2a0 C:/Users/rcjam/zephyr-sdk-1.0.1/gnu/arm-zephyr-eabi/bin/../lib/gcc/arm-zephyr-eabi/14.3.0/thumb/v8-m.main/nofp/space\libgcc.a(_arm_muldivsf3.o)
                0x1000034c                __mulsf3
                0x1000034c                __aeabi_fmul
                0x100004b4                __aeabi_fdiv
                0x100004b4                __divsf3
 .text          0x100005ec       0x4c C:/Users/rcjam/zephyr-sdk-1.0.1/gnu/arm-zephyr-eabi/bin/../lib/gcc/arm-zephyr-eabi/14.3.0/thumb/v8-m.main/nofp/space\libgcc.a(_arm_fixsfsi.o)
                0x100005ec                __aeabi_f2iz
                0x100005ec                __fixsfsi
 .text          0x10000638       0x30 C:/Users/rcjam/zephyr-sdk-1.0.1/gnu/arm-zephyr-eabi/bin/../lib/gcc/arm-zephyr-eabi/14.3.0/thumb/v8-m.main/nofp/space\libgcc.a(_aeabi_uldivmod.o)
                0x10000638                __aeabi_uldivmod
 .text          0x10000668        0x4 C:/Users/rcjam/zephyr-sdk-1.0.1/gnu/arm-zephyr-eabi/bin/../lib/gcc/arm-zephyr-eabi/14.3.0/thumb/v8-m.main/nofp/space\libgcc.a(_dvmd_tls.o)
                0x10000668                __aeabi_idiv0
                0x10000668                __aeabi_ldiv0
 .text          0x1000066c       0x14 C:/Users/rcjam/zephyr-sdk-1.0.1/gnu/arm-zephyr-eabi/bin/../lib/gcc/arm-zephyr-eabi/14.3.0/../../../../arm-zephyr-eabi/lib/thumb/v8-m.main/nofp/space\libc.a(strcmp.S.o)
                0x1000066c                strcmp
 .text          0x10000680      0x2ba C:/Users/rcjam/zephyr-sdk-1.0.1/gnu/arm-zephyr-eabi/bin/../lib/gcc/arm-zephyr-eabi/14.3.0/thumb/v8-m.main/nofp/space\libgcc.a(_udivmoddi4.o)
                0x10000680                __udivmoddi4
 *(SORT_BY_ALIGNMENT(.text.*))
 *fill*         0x1000093a        0x2 
 .text.tamper_thread
                0x1000093c       0xa0 app/libapp.a(main.c.obj)
                0x1000093c                tamper_thread
 .text.heartbeat_thread
                0x100009dc       0x5c app/libapp.a(main.c.obj)
                0x100009dc                heartbeat_thread
 .text.main     0x10000a38       0x20 app/libapp.a(main.c.obj)
                0x10000a38                main
 .text.boot_banner
                0x10000a58       0x10 zephyr/libzephyr.a(boot_banner.c.obj)
 .text.char_out
                0x10000a68        0xc zephyr/libzephyr.a(printk.c.obj)
 .text.__printk_hook_install
                0x10000a74        0xc zephyr/libzephyr.a(printk.c.obj)
                0x10000a74                __printk_hook_install
 .text.vprintk  0x10000a80       0x30 zephyr/libzephyr.a(printk.c.obj)
                0x10000a80                vprintk
 .text.cdc_acm_serial_init_device
                0x10000ab0       0x8c zephyr/libzephyr.a(cdc_acm_serial.c.obj)
 .text.z_thread_entry
                0x10000b3c       0x34 zephyr/libzephyr.a(thread_entry.c.obj)
                0x10000b3c                z_thread_entry
 .text.arch_bss_zero
                0x10000b70       0x18 zephyr/arch/common/libarch__common.a(init.c.obj)
                0x10000b70                arch_bss_zero
 .text.arch_data_copy
                0x10000b88       0x38 zephyr/arch/common/libarch__common.a(xip.c.obj)
                0x10000b88                arch_data_copy
 .text.z_arm_fatal_error
                0x10000bc0       0x60 zephyr/arch/arch/arm/core/libarch__arm__core.a(fatal.c.obj)
                0x10000bc0                z_arm_fatal_error
 .text.z_SysNmiOnReset
                0x10000c20        0x8 zephyr/arch/arch/arm/core/libarch__arm__core.a(nmi_on_reset.S.obj)
                0x10000c20                z_SysNmiOnReset
 .text.arch_tls_stack_setup
                0x10000c28       0x40 zephyr/arch/arch/arm/core/libarch__arm__core.a(tls.c.obj)
                0x10000c28                arch_tls_stack_setup
 .text.usage_fault.isra.0
                0x10000c68       0xa8 zephyr/arch/arch/arm/core/cortex_m/libarch__arm__core__cortex_m.a(fault.c.obj)
 .text.bus_fault.isra.0
                0x10000d10       0xb8 zephyr/arch/arch/arm/core/cortex_m/libarch__arm__core__cortex_m.a(fault.c.obj)
 .text.mem_manage_fault.isra.0
                0x10000dc8       0xbc zephyr/arch/arch/arm/core/cortex_m/libarch__arm__core__cortex_m.a(fault.c.obj)
 .text.z_arm_fault
                0x10000e84      0x1b8 zephyr/arch/arch/arm/core/cortex_m/libarch__arm__core__cortex_m.a(fault.c.obj)
                0x10000e84                z_arm_fault
 .text.z_arm_fault_init
                0x1000103c       0x18 zephyr/arch/arch/arm/core/cortex_m/libarch__arm__core__cortex_m.a(fault.c.obj)
                0x1000103c                z_arm_fault_init
 .text.__fault  0x10001054       0x14 zephyr/arch/arch/arm/core/cortex_m/libarch__arm__core__cortex_m.a(fault_s.S.obj)
                0x10001054                z_arm_usage_fault
                0x10001054                z_arm_mpu_fault
                0x10001054                z_arm_exc_spurious
                0x10001054                z_arm_debug_monitor
                0x10001054                z_arm_hard_fault
                0x10001054                z_arm_bus_fault
 .text._reset_section
                0x10001068       0x38 zephyr/arch/arch/arm/core/cortex_m/libarch__arm__core__cortex_m.a(reset.S.obj)
                0x10001068                __start
                0x10001068                z_arm_reset
 .text.z_arm_svc
                0x100010a0       0x24 zephyr/arch/arch/arm/core/cortex_m/libarch__arm__core__cortex_m.a(svc.S.obj)
                0x100010a0                z_arm_svc
 .text.arm_irq_enable
                0x100010c4       0x1c zephyr/arch/arch/arm/core/cortex_m/libarch__arm__core__cortex_m.a(irq_manage.c.obj)
                0x100010c4                arm_irq_enable
 .text.arm_irq_disable
                0x100010e0       0x28 zephyr/arch/arch/arm/core/cortex_m/libarch__arm__core__cortex_m.a(irq_manage.c.obj)
                0x100010e0                arm_irq_disable
 .text.arm_irq_priority_set
                0x10001108       0x2c zephyr/arch/arch/arm/core/cortex_m/libarch__arm__core__cortex_m.a(irq_manage.c.obj)
                0x10001108                arm_irq_priority_set
 .text.relocate_vector_table
                0x10001134       0x1c zephyr/arch/arch/arm/core/cortex_m/libarch__arm__core__cortex_m.a(prep_c.c.obj)
                0x10001134                relocate_vector_table
 .text.z_prep_c
                0x10001150       0x38 zephyr/arch/arch/arm/core/cortex_m/libarch__arm__core__cortex_m.a(prep_c.c.obj)
                0x10001150                z_prep_c
 .text.arch_new_thread
                0x10001188       0x38 zephyr/arch/arch/arm/core/cortex_m/libarch__arm__core__cortex_m.a(thread.c.obj)
                0x10001188                arch_new_thread
 .text.arch_switch_to_main_thread
                0x100011c0       0x38 zephyr/arch/arch/arm/core/cortex_m/libarch__arm__core__cortex_m.a(thread.c.obj)
                0x100011c0                arch_switch_to_main_thread
 .text.z_arm_cpu_idle_init
                0x100011f8        0xc zephyr/arch/arch/arm/core/cortex_m/libarch__arm__core__cortex_m.a(cpu_idle.c.obj)
                0x100011f8                z_arm_cpu_idle_init
 .text._HandlerModeExit
                0x10001204       0x20 zephyr/arch/arch/arm/core/cortex_m/libarch__arm__core__cortex_m.a(exc_exit.c.obj)
                0x10001204                z_arm_int_exit
                0x10001204                z_arm_exc_exit
 .text.z_impl_k_thread_abort
                0x10001224       0x2c zephyr/arch/arch/arm/core/cortex_m/libarch__arm__core__cortex_m.a(thread_abort.c.obj)
                0x10001224                z_impl_k_thread_abort
 .text.z_arm_pendsv
                0x10001250       0x54 zephyr/arch/arch/arm/core/cortex_m/libarch__arm__core__cortex_m.a(swap_helper.S.obj)
                0x10001250                z_arm_pendsv
 .text.z_arm_interrupt_init
                0x100012a4       0x18 zephyr/arch/arch/arm/core/cortex_m/libarch__arm__core__cortex_m.a(irq_init.c.obj)
                0x100012a4                z_arm_interrupt_init
 .text._isr_wrapper
                0x100012bc       0x24 zephyr/arch/arch/arm/core/cortex_m/libarch__arm__core__cortex_m.a(isr_wrapper.c.obj)
                0x100012bc                _isr_wrapper
 .text.__aeabi_read_tp
                0x100012e0        0xc zephyr/arch/arch/arm/core/cortex_m/libarch__arm__core__cortex_m.a(__aeabi_read_tp.S.obj)
                0x100012e0                __aeabi_read_tp
 .text.z_impl_zephyr_fputc
                0x100012ec       0x10 zephyr/lib/libc/picolibc/liblib__libc__picolibc.a(stdio.c.obj)
                0x100012ec                z_impl_zephyr_fputc
 .text.__stdout_hook_install
                0x100012fc       0x18 zephyr/lib/libc/picolibc/liblib__libc__picolibc.a(stdio.c.obj)
                0x100012fc                __stdout_hook_install
 .text.abort    0x10001314       0x1c zephyr/lib/libc/common/liblib__libc__common.a(abort.c.obj)
                0x10001314                abort
 .text.malloc_prepare
                0x10001330       0x24 zephyr/lib/libc/common/liblib__libc__common.a(malloc.c.obj)
 .text.net_buf_destroy
                0x10001354       0x38 zephyr/lib/net_buf/liblib__net_buf.a(buf.c.obj)
 .text.net_buf_pool_get
                0x1000138c       0x10 zephyr/lib/net_buf/liblib__net_buf.a(buf.c.obj)
                0x1000138c                net_buf_pool_get
 .text.net_buf_alloc_len
                0x1000139c       0xfc zephyr/lib/net_buf/liblib__net_buf.a(buf.c.obj)
                0x1000139c                net_buf_alloc_len
 .text.net_buf_unref
                0x10001498       0x48 zephyr/lib/net_buf/liblib__net_buf.a(buf.c.obj)
                0x10001498                net_buf_unref
 .text.usbd_handle_ctrl_xfer
                0x100014e0      0x8a4 zephyr/subsys/usb/device_next/libsubsys__usb__device_next.a(usbd_ch9.c.obj)
                0x100014e0                usbd_handle_ctrl_xfer
 .text.usbd_event_carrier
                0x10001d84       0x48 zephyr/subsys/usb/device_next/libsubsys__usb__device_next.a(usbd_core.c.obj)
 .text.usbd_thread
                0x10001dcc      0x174 zephyr/subsys/usb/device_next/libsubsys__usb__device_next.a(usbd_core.c.obj)
 .text.usbd_pre_init
                0x10001f40       0x94 zephyr/subsys/usb/device_next/libsubsys__usb__device_next.a(usbd_core.c.obj)
 .text.usbd_device_init_core
                0x10001fd4       0x30 zephyr/subsys/usb/device_next/libsubsys__usb__device_next.a(usbd_core.c.obj)
                0x10001fd4                usbd_device_init_core
 .text.usbd_class_node_get.part.0
                0x10002004       0x2c zephyr/subsys/usb/device_next/libsubsys__usb__device_next.a(usbd_class.c.obj)
 .text.msg_work_handler
                0x10002030       0x88 zephyr/subsys/usb/device_next/libsubsys__usb__device_next.a(usbd_msg.c.obj)
 .text.usbd_msg_pub
                0x100020b8       0x6c zephyr/subsys/usb/device_next/libsubsys__usb__device_next.a(usbd_msg.c.obj)
 .text.cdc_acm_poll_out
                0x10002124       0x70 zephyr/subsys/usb/device_next/libsubsys__usb__device_next.a(usbd_cdc_acm.c.obj)
 .text.usbd_cdc_acm_preinit
                0x10002194       0x4c zephyr/subsys/usb/device_next/libsubsys__usb__device_next.a(usbd_cdc_acm.c.obj)
 .text.udc_ep_buf_alloc
                0x100021e0       0x30 zephyr/drivers/usb/udc/libdrivers__usb__udc.a(udc_common.c.obj)
                0x100021e0                udc_ep_buf_alloc
 .text.udc_rpi_pico_make_thread_0
                0x10002210       0x4c zephyr/drivers/usb/udc/libdrivers__usb__udc.a(udc_rpi_pico.c.obj)
 .text.udc_rpi_pico_enable
                0x1000225c       0xb0 zephyr/drivers/usb/udc/libdrivers__usb__udc.a(udc_rpi_pico.c.obj)
 .text.rpi_pico_isr_handler
                0x1000230c      0x39c zephyr/drivers/usb/udc/libdrivers__usb__udc.a(udc_rpi_pico.c.obj)
 .text.rpi_pico_get_clock_src.isra.0
                0x100026a8       0x9c zephyr/drivers/clock_control/libdrivers__clock_control.a(clock_control_rpi_pico.c.obj)
 .text.rpi_pico_calc_clock_freq
                0x10002744      0x104 zephyr/drivers/clock_control/libdrivers__clock_control.a(clock_control_rpi_pico.c.obj)
 .text.rpi_pico_rosc_write.isra.0
                0x10002848       0x28 zephyr/drivers/clock_control/libdrivers__clock_control.a(clock_control_rpi_pico.c.obj)
 .text.clock_control_rpi_pico_init
                0x10002870      0x214 zephyr/drivers/clock_control/libdrivers__clock_control.a(clock_control_rpi_pico.c.obj)
 .text.uart_console_init
                0x10002a84       0x28 zephyr/drivers/console/libdrivers__console.a(uart_console.c.obj)
 .text.console_out
                0x10002aac       0x28 zephyr/drivers/console/libdrivers__console.a(uart_console.c.obj)
 .text.gpio_rpi_get_pending_int
                0x10002ad4       0x30 zephyr/drivers/gpio/libdrivers__gpio.a(gpio_rpi_pico.c.obj)
 .text.gpio_rpi_configure
                0x10002b04       0xc8 zephyr/drivers/gpio/libdrivers__gpio.a(gpio_rpi_pico.c.obj)
 .text.gpio_rpi_isr
                0x10002bcc       0x88 zephyr/drivers/gpio/libdrivers__gpio.a(gpio_rpi_pico.c.obj)
 .text.reset_rpi_status
                0x10002c54       0x1c zephyr/drivers/reset/libdrivers__reset.a(reset_rpi_pico.c.obj)
 .text.reset_rpi_line_assert
                0x10002c70       0x14 zephyr/drivers/reset/libdrivers__reset.a(reset_rpi_pico.c.obj)
 .text.reset_rpi_line_deassert
                0x10002c84       0x1c zephyr/drivers/reset/libdrivers__reset.a(reset_rpi_pico.c.obj)
 .text.reset_rpi_line_toggle
                0x10002ca0       0x24 zephyr/drivers/reset/libdrivers__reset.a(reset_rpi_pico.c.obj)
 .text.pl011_runtime_configure_internal
                0x10002cc4      0x138 zephyr/drivers/serial/libdrivers__serial.a(uart_pl011.c.obj)
 .text.elapsed  0x10002dfc       0x48 zephyr/drivers/timer/libdrivers__timer.a(cortex_m_systick.c.obj)
 .text.sys_clock_driver_init
                0x10002e44       0x40 zephyr/drivers/timer/libdrivers__timer.a(cortex_m_systick.c.obj)
 .text.sys_clock_isr
                0x10002e84       0x74 zephyr/drivers/timer/libdrivers__timer.a(cortex_m_systick.c.obj)
                0x10002e84                sys_clock_isr
 .text.sys_clock_set_timeout
                0x10002ef8       0xcc zephyr/drivers/timer/libdrivers__timer.a(cortex_m_systick.c.obj)
                0x10002ef8                sys_clock_set_timeout
 .text.sys_clock_elapsed
                0x10002fc4       0x30 zephyr/drivers/timer/libdrivers__timer.a(cortex_m_systick.c.obj)
                0x10002fc4                sys_clock_elapsed
 .text.clock_configure_internal
                0x10002ff4       0x98 modules/hal_rpi_pico/libmodules__hal_rpi_pico.a(clocks.c.obj)
 .text.pll_init
                0x1000308c       0xb4 modules/hal_rpi_pico/libmodules__hal_rpi_pico.a(pll.c.obj)
                0x1000308c                pll_init
 .text.xosc_init
                0x10003140       0x28 modules/hal_rpi_pico/libmodules__hal_rpi_pico.a(xosc.c.obj)
                0x10003140                xosc_init
 .text._gpio_set_irq_enabled
                0x10003168       0x30 modules/hal_rpi_pico/libmodules__hal_rpi_pico.a(gpio.c.obj)
 .text.gpio_set_function
                0x10003198       0x38 modules/hal_rpi_pico/libmodules__hal_rpi_pico.a(gpio.c.obj)
                0x10003198                gpio_set_function
 .text.gpio_set_pulls
                0x100031d0       0x24 modules/hal_rpi_pico/libmodules__hal_rpi_pico.a(gpio.c.obj)
                0x100031d0                gpio_set_pulls
 .text.gpio_set_input_hysteresis_enabled
                0x100031f4       0x1c modules/hal_rpi_pico/libmodules__hal_rpi_pico.a(gpio.c.obj)
                0x100031f4                gpio_set_input_hysteresis_enabled
 .text.gpio_set_slew_rate
                0x10003210       0x1c modules/hal_rpi_pico/libmodules__hal_rpi_pico.a(gpio.c.obj)
                0x10003210                gpio_set_slew_rate
 .text.gpio_set_drive_strength
                0x1000322c       0x20 modules/hal_rpi_pico/libmodules__hal_rpi_pico.a(gpio.c.obj)
                0x1000322c                gpio_set_drive_strength
 .text.gpio_set_irq_enabled
                0x1000324c       0x1c modules/hal_rpi_pico/libmodules__hal_rpi_pico.a(gpio.c.obj)
                0x1000324c                gpio_set_irq_enabled
 .text.gpio_set_input_enabled
                0x10003268       0x1c modules/hal_rpi_pico/libmodules__hal_rpi_pico.a(gpio.c.obj)
                0x10003268                gpio_set_input_enabled
 .text.runtime_init_per_core_enable_coprocessors
                0x10003284       0x1c modules/hal_rpi_pico/libmodules__hal_rpi_pico.a(runtime_init.c.obj)
                0x10003284                runtime_init_per_core_enable_coprocessors
 .text.z_fatal_error
                0x100032a0       0x30 zephyr/kernel/libkernel.a(fatal.c.obj)
                0x100032a0                z_fatal_error
 .text.z_sys_init_run_level
                0x100032d0       0x30 zephyr/kernel/libkernel.a(init.c.obj)
 .text.bg_thread_main
                0x10003300       0xd4 zephyr/kernel/libkernel.a(init.c.obj)
 .text.z_init_cpu
                0x100033d4       0x68 zephyr/kernel/libkernel.a(init.c.obj)
                0x100033d4                z_init_cpu
 .text.z_cstart
                0x1000343c       0xcc zephyr/kernel/libkernel.a(init.c.obj)
                0x1000343c                z_cstart
 .text.statics_init
                0x10003508       0x24 zephyr/kernel/libkernel.a(kheap.c.obj)
 .text.k_heap_aligned_alloc
                0x1000352c       0x1c zephyr/kernel/libkernel.a(kheap.c.obj)
                0x1000352c                k_heap_aligned_alloc
 .text.init_mem_slab_module
                0x10003548       0x24 zephyr/kernel/libkernel.a(mem_slab.c.obj)
 .text.k_mem_slab_alloc
                0x1000356c       0x5c zephyr/kernel/libkernel.a(mem_slab.c.obj)
                0x1000356c                k_mem_slab_alloc
 .text.put_msg_in_queue
                0x100035c8       0xc8 zephyr/kernel/libkernel.a(msg_q.c.obj)
 .text.z_impl_k_msgq_get
                0x10003690       0xc4 zephyr/kernel/libkernel.a(msg_q.c.obj)
                0x10003690                z_impl_k_msgq_get
 .text.z_impl_k_mutex_lock
                0x10003754       0xe4 zephyr/kernel/libkernel.a(mutex.c.obj)
                0x10003754                z_impl_k_mutex_lock
 .text.z_impl_k_mutex_unlock
                0x10003838       0xa0 zephyr/kernel/libkernel.a(mutex.c.obj)
                0x10003838                z_impl_k_mutex_unlock
 .text.z_impl_k_queue_get
                0x100038d8       0x6c zephyr/kernel/libkernel.a(queue.c.obj)
                0x100038d8                z_impl_k_queue_get
 .text.z_impl_k_sem_give
                0x10003944       0x68 zephyr/kernel/libkernel.a(sem.c.obj)
                0x10003944                z_impl_k_sem_give
 .text.z_impl_k_sem_take
                0x100039ac       0x4c zephyr/kernel/libkernel.a(sem.c.obj)
                0x100039ac                z_impl_k_sem_take
 .text.z_impl_k_sem_reset
                0x100039f8       0x70 zephyr/kernel/libkernel.a(sem.c.obj)
                0x100039f8                z_impl_k_sem_reset
 .text.work_queue_main
                0x10003a68      0x1a4 zephyr/kernel/libkernel.a(work.c.obj)
 .text.submit_to_queue_locked
                0x10003c0c       0xa4 zephyr/kernel/libkernel.a(work.c.obj)
 .text.z_work_submit_to_queue
                0x10003cb0       0x3c zephyr/kernel/libkernel.a(work.c.obj)
                0x10003cb0                z_work_submit_to_queue
 .text.k_work_submit
                0x10003cec        0xc zephyr/kernel/libkernel.a(work.c.obj)
                0x10003cec                k_work_submit
 .text.k_work_queue_start
                0x10003cf8       0x7c zephyr/kernel/libkernel.a(work.c.obj)
                0x10003cf8                k_work_queue_start
 .text.k_work_schedule_for_queue
                0x10003d74       0x54 zephyr/kernel/libkernel.a(work.c.obj)
                0x10003d74                k_work_schedule_for_queue
 .text.k_work_schedule
                0x10003dc8        0xc zephyr/kernel/libkernel.a(work.c.obj)
                0x10003dc8                k_work_schedule
 .text.k_work_reschedule_for_queue
                0x10003dd4       0x64 zephyr/kernel/libkernel.a(work.c.obj)
                0x10003dd4                k_work_reschedule_for_queue
 .text.k_work_reschedule
                0x10003e38        0xc zephyr/kernel/libkernel.a(work.c.obj)
                0x10003e38                k_work_reschedule
 .text.z_setup_new_thread
                0x10003e44       0x7c zephyr/kernel/libkernel.a(thread.c.obj)
                0x10003e44                z_setup_new_thread
 .text.z_dummy_thread_init
                0x10003ec0       0x14 zephyr/kernel/libkernel.a(thread.c.obj)
                0x10003ec0                z_dummy_thread_init
 .text.z_impl_k_wakeup
                0x10003ed4       0x48 zephyr/kernel/libkernel.a(thread.c.obj)
                0x10003ed4                z_impl_k_wakeup
 .text.z_impl_k_thread_create
                0x10003f1c       0x58 zephyr/kernel/libkernel.a(thread.c.obj)
                0x10003f1c                z_impl_k_thread_create
 .text.z_swap_irqlock
                0x10003f74       0x30 zephyr/kernel/libkernel.a(sched.c.obj)
 .text.move_current_to_end_of_prio_q
                0x10003fa4       0x6c zephyr/kernel/libkernel.a(sched.c.obj)
                0x10003fa4                move_current_to_end_of_prio_q
 .text.ready_thread
                0x10004010       0x80 zephyr/kernel/libkernel.a(sched.c.obj)
                0x10004010                z_sched_ready_locked
 .text.unready_thread
                0x10004090       0x54 zephyr/kernel/libkernel.a(sched.c.obj)
                0x10004090                z_sched_unready_locked
 .text.z_thread_halt
                0x100040e4      0x13c zephyr/kernel/libkernel.a(sched.c.obj)
                0x100040e4                z_thread_halt
 .text.reschedule
                0x10004220       0x24 zephyr/kernel/libkernel.a(sched.c.obj)
                0x10004220                z_reschedule
 .text.z_sched_lock_reschedule
                0x10004244       0x48 zephyr/kernel/libkernel.a(sched.c.obj)
                0x10004244                z_sched_lock_reschedule
 .text.z_sched_yield
                0x1000428c       0x84 zephyr/kernel/libkernel.a(sched.c.obj)
                0x1000428c                z_sched_yield
 .text.z_pend_curr
                0x10004310       0x64 zephyr/kernel/libkernel.a(sched.c.obj)
                0x10004310                z_pend_curr
 .text.z_thread_prio_set
                0x10004374       0xd8 zephyr/kernel/libkernel.a(sched.c.obj)
                0x10004374                z_thread_prio_set
 .text.z_tick_sleep
                0x1000444c       0x80 zephyr/kernel/libkernel.a(sleep.c.obj)
 .text.z_sched_init
                0x100044cc       0x10 zephyr/kernel/libkernel.a(scheduler.c.obj)
                0x100044cc                z_sched_init
 .text.k_sched_lock
                0x100044dc       0x28 zephyr/kernel/libkernel.a(scheduler.c.obj)
                0x100044dc                k_sched_lock
 .text.k_sched_unlock
                0x10004504       0x20 zephyr/kernel/libkernel.a(scheduler.c.obj)
                0x10004504                k_sched_unlock
 .text.z_impl_k_sched_current_thread_query
                0x10004524        0xc zephyr/kernel/libkernel.a(scheduler.c.obj)
                0x10004524                z_impl_k_sched_current_thread_query
 .text.z_sched_wait
                0x10004530       0x24 zephyr/kernel/libkernel.a(scheduler.c.obj)
                0x10004530                z_sched_wait
 .text.z_time_slice_size
                0x10004554       0x40 zephyr/kernel/libkernel.a(timeslicing.c.obj)
 .text.slice_timeout
                0x10004594       0x20 zephyr/kernel/libkernel.a(timeslicing.c.obj)
 .text.slice_reset
                0x100045b4       0x40 zephyr/kernel/libkernel.a(timeslicing.c.obj)
 .text.z_time_slice
                0x100045f4       0x68 zephyr/kernel/libkernel.a(timeslicing.c.obj)
                0x100045f4                z_time_slice
 .text.z_timeout_q_first
                0x1000465c       0x10 zephyr/kernel/libkernel.a(timeout.c.obj)
 .text.next_timeout
                0x1000466c       0x4c zephyr/kernel/libkernel.a(timeout.c.obj)
 .text.elapsed  0x100046b8       0x10 zephyr/kernel/libkernel.a(timeout.c.obj)
 .text.z_add_timeout
                0x100046c8      0x120 zephyr/kernel/libkernel.a(timeout.c.obj)
                0x100046c8                z_add_timeout
 .text.z_try_abort_timeout
                0x100047e8       0x84 zephyr/kernel/libkernel.a(timeout.c.obj)
                0x100047e8                z_try_abort_timeout
 .text.z_timeout_inflight_superseded
                0x1000486c       0x2c zephyr/kernel/libkernel.a(timeout.c.obj)
                0x1000486c                z_timeout_inflight_superseded
 .text.sys_clock_announce_locked
                0x10004898       0xe8 zephyr/kernel/libkernel.a(timeout.c.obj)
                0x10004898                sys_clock_announce_locked
 .text.sys_clock_tick_get
                0x10004980       0x30 zephyr/kernel/libkernel.a(timeout.c.obj)
                0x10004980                sys_clock_tick_get
 .text.k_event_post_internal
                0x100049b0       0x4c zephyr/kernel/libkernel.a(events.c.obj)
 .text.z_thread_alloc_helper
                0x100049fc       0x4c zephyr/kernel/libkernel.a(mempool.c.obj)
 .text.z_thread_malloc
                0x10004a48       0x10 zephyr/kernel/libkernel.a(mempool.c.obj)
                0x10004a48                z_thread_malloc
 .text.sys_work_q_init
                0x10004a58       0x28 zephyr/kernel/libkernel.a(system_work_q.c.obj)
 .text.__l_vfprintf
                0x10004a80      0x484 C:/Users/rcjam/zephyr-sdk-1.0.1/gnu/arm-zephyr-eabi/bin/../lib/gcc/arm-zephyr-eabi/14.3.0/../../../../arm-zephyr-eabi/lib/thumb/v8-m.main/nofp/space\libc.a(libc_tinystdio_vflprintf.c.o)
                0x10004a80                __l_vfprintf
 .text._OffsetAbsSyms
                0x10004f04        0x2 zephyr/CMakeFiles/offsets.dir/./arch/arm/core/offsets/offsets.c.obj
                0x10004f04                _OffsetAbsSyms
 .text.z_impl_gpio_pin_configure.isra.0
                0x10004f06       0x36 app/libapp.a(main.c.obj)
 .text.k_msleep.isra.0
                0x10004f3c        0xa app/libapp.a(main.c.obj)
 .text.chunk_field
                0x10004f46       0x16 zephyr/libzephyr.a(heap.c.obj)
 .text.chunk_set
                0x10004f5c       0x16 zephyr/libzephyr.a(heap.c.obj)
 .text.chunk_size
                0x10004f72        0xc zephyr/libzephyr.a(heap.c.obj)
 .text.set_chunk_used
                0x10004f7e       0x30 zephyr/libzephyr.a(heap.c.obj)
 .text.set_chunk_size
                0x10004fae        0x8 zephyr/libzephyr.a(heap.c.obj)
 .text.undersized_chunk
                0x10004fb6       0x1c zephyr/libzephyr.a(heap.c.obj)
 .text.mem_to_chunkid
                0x10004fd2       0x14 zephyr/libzephyr.a(heap.c.obj)
 .text.bucket_idx
                0x10004fe6       0x14 zephyr/libzephyr.a(heap.c.obj)
 .text.free_list_remove_bidx
                0x10004ffa       0x5c zephyr/libzephyr.a(heap.c.obj)
 .text.free_list_remove
                0x10005056       0x2c zephyr/libzephyr.a(heap.c.obj)
 .text.alloc_chunk
                0x10005082       0x74 zephyr/libzephyr.a(heap.c.obj)
 .text.split_chunks
                0x100050f6       0x4e zephyr/libzephyr.a(heap.c.obj)
 .text.merge_chunks
                0x10005144       0x3c zephyr/libzephyr.a(heap.c.obj)
 .text.free_list_add
                0x10005180       0x82 zephyr/libzephyr.a(heap.c.obj)
 .text.sys_heap_free
                0x10005202       0xc2 zephyr/libzephyr.a(heap.c.obj)
                0x10005202                sys_heap_free
 .text.sys_heap_alloc
                0x100052c4       0x76 zephyr/libzephyr.a(heap.c.obj)
                0x100052c4                sys_heap_alloc
 .text.sys_heap_noalign_alloc
                0x1000533a        0x6 zephyr/libzephyr.a(heap.c.obj)
                0x1000533a                sys_heap_noalign_alloc
 .text.sys_heap_aligned_alloc
                0x10005340      0x104 zephyr/libzephyr.a(heap.c.obj)
                0x10005340                sys_heap_aligned_alloc
 .text.sys_heap_init
                0x10005444       0xa4 zephyr/libzephyr.a(heap.c.obj)
                0x10005444                sys_heap_init
 .text.sys_mem_blocks_free
                0x100054e8       0x58 zephyr/libzephyr.a(mem_blocks.c.obj)
                0x100054e8                sys_mem_blocks_free
 .text.sys_mem_blocks_alloc
                0x10005540       0x4e zephyr/libzephyr.a(mem_blocks.c.obj)
                0x10005540                sys_mem_blocks_alloc
 .text.arch_printk_char_out
                0x1000558e        0x4 zephyr/libzephyr.a(printk.c.obj)
                0x1000558e                arch_printk_char_out
 .text.printk   0x10005592       0x1a zephyr/libzephyr.a(printk.c.obj)
                0x10005592                printk
 .text.setup_bundle_data.isra.0
                0x100055ac       0x3a zephyr/libzephyr.a(bitarray.c.obj)
 .text.match_region
                0x100055e6       0x64 zephyr/libzephyr.a(bitarray.c.obj)
 .text.set_region
                0x1000564a       0x90 zephyr/libzephyr.a(bitarray.c.obj)
 .text.sys_bitarray_alloc
                0x100056da       0xcc zephyr/libzephyr.a(bitarray.c.obj)
                0x100056da                sys_bitarray_alloc
 .text.sys_bitarray_free
                0x100057a6       0x9c zephyr/libzephyr.a(bitarray.c.obj)
                0x100057a6                sys_bitarray_free
 .text.bitmask_find_gap
                0x10005842       0x76 zephyr/libzephyr.a(bitmask.c.obj)
                0x10005842                bitmask_find_gap
 .text.ring_buf_area_claim
                0x100058b8       0x30 zephyr/libzephyr.a(ring_buffer.c.obj)
                0x100058b8                ring_buf_area_claim
 .text.ring_buf_put_claim
                0x100058e8       0x1e zephyr/libzephyr.a(ring_buffer.c.obj)
 .text.ring_buf_get_claim
                0x10005906       0x1e zephyr/libzephyr.a(ring_buffer.c.obj)
 .text.ring_buf_area_finish
                0x10005924       0x32 zephyr/libzephyr.a(ring_buffer.c.obj)
                0x10005924                ring_buf_area_finish
 .text.ring_buf_put
                0x10005956       0x40 zephyr/libzephyr.a(ring_buffer.c.obj)
                0x10005956                ring_buf_put
 .text.ring_buf_get
                0x10005996       0x44 zephyr/libzephyr.a(ring_buffer.c.obj)
                0x10005996                ring_buf_get
 .text._ConfigAbsSyms
                0x100059da        0x2 zephyr/libzephyr.a(configs.c.obj)
                0x100059da                _ConfigAbsSyms
 .text.arch_early_memset
                0x100059dc        0x4 zephyr/arch/common/libarch__common.a(init.c.obj)
                0x100059dc                arch_early_memset
 .text.arch_early_memcpy
                0x100059e0        0x4 zephyr/arch/common/libarch__common.a(init.c.obj)
                0x100059e0                arch_early_memcpy
 .text.z_do_kernel_oops
                0x100059e4        0x8 zephyr/arch/arch/arm/core/libarch__arm__core.a(fatal.c.obj)
                0x100059e4                z_do_kernel_oops
 .text.z_arm_nmi
                0x100059ec        0xe zephyr/arch/arch/arm/core/libarch__arm__core.a(nmi.c.obj)
                0x100059ec                z_arm_nmi
 .text.z_irq_spurious
                0x100059fa        0x8 zephyr/arch/arch/arm/core/cortex_m/libarch__arm__core__cortex_m.a(irq_manage.c.obj)
                0x100059fa                z_irq_spurious
 .text.arch_coprocessors_disable
                0x10005a02        0x6 zephyr/arch/arch/arm/core/cortex_m/libarch__arm__core__cortex_m.a(thread.c.obj)
                0x10005a02                arch_coprocessors_disable
 .text.arch_irq_unlock_outlined
                0x10005a08        0xe zephyr/arch/arch/arm/core/cortex_m/libarch__arm__core__cortex_m.a(thread.c.obj)
                0x10005a08                arch_irq_unlock_outlined
 .text.arch_cpu_idle
                0x10005a16       0x1a zephyr/arch/arch/arm/core/cortex_m/libarch__arm__core__cortex_m.a(cpu_idle.c.obj)
                0x10005a16                arch_cpu_idle
 .text.__assert_no_args
                0x10005a30        0x6 zephyr/lib/libc/picolibc/liblib__libc__picolibc.a(assert.c.obj)
                0x10005a30                __assert_no_args
 .text.picolibc_put
                0x10005a36        0xa zephyr/lib/libc/picolibc/liblib__libc__picolibc.a(stdio.c.obj)
 .text.atomic_inc.isra.0
                0x10005a40       0x10 zephyr/lib/net_buf/liblib__net_buf.a(buf.c.obj)
 .text.net_buf_reset
                0x10005a50        0xa zephyr/lib/net_buf/liblib__net_buf.a(buf.c.obj)
                0x10005a50                net_buf_reset
 .text.net_buf_ref
                0x10005a5a        0xe zephyr/lib/net_buf/liblib__net_buf.a(buf.c.obj)
                0x10005a5a                net_buf_ref
 .text.net_buf_frag_del
                0x10005a68       0x18 zephyr/lib/net_buf/liblib__net_buf.a(buf.c.obj)
                0x10005a68                net_buf_frag_del
 .text.net_buf_simple_add
                0x10005a80        0xc zephyr/lib/net_buf/liblib__net_buf.a(buf_simple.c.obj)
                0x10005a80                net_buf_simple_add
 .text.net_buf_simple_add_mem
                0x10005a8c       0x12 zephyr/lib/net_buf/liblib__net_buf.a(buf_simple.c.obj)
                0x10005a8c                net_buf_simple_add_mem
 .text.net_buf_simple_add_u8
                0x10005a9e       0x10 zephyr/lib/net_buf/liblib__net_buf.a(buf_simple.c.obj)
                0x10005a9e                net_buf_simple_add_u8
 .text.net_buf_simple_add_le16
                0x10005aae       0x14 zephyr/lib/net_buf/liblib__net_buf.a(buf_simple.c.obj)
                0x10005aae                net_buf_simple_add_le16
 .text.net_buf_simple_remove_mem
                0x10005ac2        0xe zephyr/lib/net_buf/liblib__net_buf.a(buf_simple.c.obj)
                0x10005ac2                net_buf_simple_remove_mem
 .text.net_buf_simple_pull
                0x10005ad0       0x10 zephyr/lib/net_buf/liblib__net_buf.a(buf_simple.c.obj)
                0x10005ad0                net_buf_simple_pull
 .text.soc_reset_hook
                0x10005ae0        0x4 zephyr/soc/soc/rp2350a/rp2350/libsoc__raspberrypi__rpi_pico__rp2350.a(soc.c.obj)
                0x10005ae0                soc_reset_hook
 .text.usbd_device_lock
                0x10005ae4        0xe zephyr/subsys/usb/device_next/libsubsys__usb__device_next.a(usbd_device.c.obj)
 .text.k_mutex_unlock.isra.0
                0x10005af2        0x4 zephyr/subsys/usb/device_next/libsubsys__usb__device_next.a(usbd_device.c.obj)
 .text.usbd_bus_speed
                0x10005af6        0xa zephyr/subsys/usb/device_next/libsubsys__usb__device_next.a(usbd_device.c.obj)
                0x10005af6                usbd_bus_speed
 .text.usbd_device_set_code_triple
                0x10005b00       0x48 zephyr/subsys/usb/device_next/libsubsys__usb__device_next.a(usbd_device.c.obj)
                0x10005b00                usbd_device_set_code_triple
 .text.usbd_is_suspended
                0x10005b48        0xa zephyr/subsys/usb/device_next/libsubsys__usb__device_next.a(usbd_device.c.obj)
                0x10005b48                usbd_is_suspended
 .text.usbd_init
                0x10005b52       0x60 zephyr/subsys/usb/device_next/libsubsys__usb__device_next.a(usbd_device.c.obj)
                0x10005b52                usbd_init
 .text.usbd_enable
                0x10005bb2       0x86 zephyr/subsys/usb/device_next/libsubsys__usb__device_next.a(usbd_device.c.obj)
                0x10005bb2                usbd_enable
 .text.usbd_device_get_vreq
                0x10005c38       0x2a zephyr/subsys/usb/device_next/libsubsys__usb__device_next.a(usbd_device.c.obj)
                0x10005c38                usbd_device_get_vreq
 .text.usbd_device_register_vreq
                0x10005c62       0x56 zephyr/subsys/usb/device_next/libsubsys__usb__device_next.a(usbd_device.c.obj)
                0x10005c62                usbd_device_register_vreq
 .text.usbd_get_descriptor
                0x10005cb8       0x34 zephyr/subsys/usb/device_next/libsubsys__usb__device_next.a(usbd_desc.c.obj)
                0x10005cb8                usbd_get_descriptor
 .text.usbd_add_descriptor
                0x10005cec      0x106 zephyr/subsys/usb/device_next/libsubsys__usb__device_next.a(usbd_desc.c.obj)
                0x10005cec                usbd_add_descriptor
 .text.usbd_str_desc_get_idx
                0x10005df2        0xa zephyr/subsys/usb/device_next/libsubsys__usb__device_next.a(usbd_desc.c.obj)
                0x10005df2                usbd_str_desc_get_idx
 .text.reqtype_is_to_host
                0x10005dfc        0xc zephyr/subsys/usb/device_next/libsubsys__usb__device_next.a(usbd_ch9.c.obj)
 .text.sreq_feature_halt_notify
                0x10005e08       0x20 zephyr/subsys/usb/device_next/libsubsys__usb__device_next.a(usbd_ch9.c.obj)
 .text.usbd_enqueue_status_in
                0x10005e28       0x2c zephyr/subsys/usb/device_next/libsubsys__usb__device_next.a(usbd_ch9.c.obj)
 .text.usbd_enqueue_setup
                0x10005e54       0x26 zephyr/subsys/usb/device_next/libsubsys__usb__device_next.a(usbd_ch9.c.obj)
 .text.udc_test_mode
                0x10005e7a       0x40 zephyr/subsys/usb/device_next/libsubsys__usb__device_next.a(usbd_ch9.c.obj)
 .text.udc_set_address
                0x10005eba       0x32 zephyr/subsys/usb/device_next/libsubsys__usb__device_next.a(usbd_ch9.c.obj)
 .text.nonstd_request
                0x10005eec       0xa2 zephyr/subsys/usb/device_next/libsubsys__usb__device_next.a(usbd_ch9.c.obj)
 .text.usbd_init_control_pipe
                0x10005f8e       0x18 zephyr/subsys/usb/device_next/libsubsys__usb__device_next.a(usbd_ch9.c.obj)
                0x10005f8e                usbd_init_control_pipe
 .text.usbd_class_bcast_event
                0x10005fa6       0x48 zephyr/subsys/usb/device_next/libsubsys__usb__device_next.a(usbd_core.c.obj)
 .text.unassign_eps.isra.0
                0x10005fee       0x66 zephyr/subsys/usb/device_next/libsubsys__usb__device_next.a(usbd_init.c.obj)
 .text.usbd_init_configurations
                0x10006054      0x1ea zephyr/subsys/usb/device_next/libsubsys__usb__device_next.a(usbd_init.c.obj)
                0x10006054                usbd_init_configurations
 .text.usbd_device_lock
                0x1000623e        0xe zephyr/subsys/usb/device_next/libsubsys__usb__device_next.a(usbd_config.c.obj)
 .text.k_mutex_unlock.isra.0
                0x1000624c        0x4 zephyr/subsys/usb/device_next/libsubsys__usb__device_next.a(usbd_config.c.obj)
 .text.usbd_config_get
                0x10006250       0x28 zephyr/subsys/usb/device_next/libsubsys__usb__device_next.a(usbd_config.c.obj)
                0x10006250                usbd_config_get
 .text.usbd_config_get_current
                0x10006278       0x24 zephyr/subsys/usb/device_next/libsubsys__usb__device_next.a(usbd_config.c.obj)
                0x10006278                usbd_config_get_current
 .text.usbd_config_exist
                0x1000629c        0xe zephyr/subsys/usb/device_next/libsubsys__usb__device_next.a(usbd_config.c.obj)
                0x1000629c                usbd_config_exist
 .text.usbd_config_set
                0x100062aa       0x98 zephyr/subsys/usb/device_next/libsubsys__usb__device_next.a(usbd_config.c.obj)
                0x100062aa                usbd_config_set
 .text.usbd_add_configuration
                0x10006342       0xc0 zephyr/subsys/usb/device_next/libsubsys__usb__device_next.a(usbd_config.c.obj)
                0x10006342                usbd_add_configuration
 .text.usbd_device_lock
                0x10006402        0xe zephyr/subsys/usb/device_next/libsubsys__usb__device_next.a(usbd_class.c.obj)
 .text.usbd_class_desc_len
                0x10006410       0x20 zephyr/subsys/usb/device_next/libsubsys__usb__device_next.a(usbd_class.c.obj)
                0x10006410                usbd_class_desc_len
 .text.usbd_class_get_by_config
                0x10006430       0x20 zephyr/subsys/usb/device_next/libsubsys__usb__device_next.a(usbd_class.c.obj)
                0x10006430                usbd_class_get_by_config
 .text.usbd_class_get_by_iface
                0x10006450       0x20 zephyr/subsys/usb/device_next/libsubsys__usb__device_next.a(usbd_class.c.obj)
                0x10006450                usbd_class_get_by_iface
 .text.usbd_class_handle_xfer
                0x10006470       0x12 zephyr/subsys/usb/device_next/libsubsys__usb__device_next.a(usbd_class.c.obj)
                0x10006470                usbd_class_handle_xfer
 .text.usbd_class_get_by_ep
                0x10006482       0x46 zephyr/subsys/usb/device_next/libsubsys__usb__device_next.a(usbd_class.c.obj)
                0x10006482                usbd_class_get_by_ep
 .text.usbd_class_get_by_req
                0x100064c8       0x2e zephyr/subsys/usb/device_next/libsubsys__usb__device_next.a(usbd_class.c.obj)
                0x100064c8                usbd_class_get_by_req
 .text.usbd_register_class
                0x100064f6       0x90 zephyr/subsys/usb/device_next/libsubsys__usb__device_next.a(usbd_class.c.obj)
                0x100064f6                usbd_register_class
 .text.usbd_interface_modify
                0x10006586       0x96 zephyr/subsys/usb/device_next/libsubsys__usb__device_next.a(usbd_interface.c.obj)
 .text.usbd_interface_shutdown
                0x1000661c       0x54 zephyr/subsys/usb/device_next/libsubsys__usb__device_next.a(usbd_interface.c.obj)
                0x1000661c                usbd_interface_shutdown
 .text.usbd_interface_default
                0x10006670       0x50 zephyr/subsys/usb/device_next/libsubsys__usb__device_next.a(usbd_interface.c.obj)
                0x10006670                usbd_interface_default
 .text.usbd_interface_set
                0x100066c0       0x78 zephyr/subsys/usb/device_next/libsubsys__usb__device_next.a(usbd_interface.c.obj)
                0x100066c0                usbd_interface_set
 .text.usbd_ep_bm_clear
                0x10006738       0x1c zephyr/subsys/usb/device_next/libsubsys__usb__device_next.a(usbd_endpoint.c.obj)
 .text.usbd_ep_enable
                0x10006754       0x38 zephyr/subsys/usb/device_next/libsubsys__usb__device_next.a(usbd_endpoint.c.obj)
                0x10006754                usbd_ep_enable
 .text.usbd_ep_disable
                0x1000678c       0x2c zephyr/subsys/usb/device_next/libsubsys__usb__device_next.a(usbd_endpoint.c.obj)
                0x1000678c                usbd_ep_disable
 .text.usbd_ep_ctrl_data_in_alloc
                0x100067b8        0xa zephyr/subsys/usb/device_next/libsubsys__usb__device_next.a(usbd_endpoint.c.obj)
                0x100067b8                usbd_ep_ctrl_data_in_alloc
 .text.usbd_ep_ctrl_enqueue
                0x100067c2       0x7a zephyr/subsys/usb/device_next/libsubsys__usb__device_next.a(usbd_endpoint.c.obj)
                0x100067c2                usbd_ep_ctrl_enqueue
 .text.usbd_ep_buf_alloc
                0x1000683c        0x8 zephyr/subsys/usb/device_next/libsubsys__usb__device_next.a(usbd_endpoint.c.obj)
                0x1000683c                usbd_ep_buf_alloc
 .text.usbd_ep_enqueue
                0x10006844       0x30 zephyr/subsys/usb/device_next/libsubsys__usb__device_next.a(usbd_endpoint.c.obj)
                0x10006844                usbd_ep_enqueue
 .text.usbd_ep_buf_free
                0x10006874        0x6 zephyr/subsys/usb/device_next/libsubsys__usb__device_next.a(usbd_endpoint.c.obj)
                0x10006874                usbd_ep_buf_free
 .text.usbd_ep_set_halt
                0x1000687a       0x28 zephyr/subsys/usb/device_next/libsubsys__usb__device_next.a(usbd_endpoint.c.obj)
                0x1000687a                usbd_ep_set_halt
 .text.usbd_ep_clear_halt
                0x100068a2       0x1e zephyr/subsys/usb/device_next/libsubsys__usb__device_next.a(usbd_endpoint.c.obj)
                0x100068a2                usbd_ep_clear_halt
 .text.usbd_ep_is_halted
                0x100068c0       0x16 zephyr/subsys/usb/device_next/libsubsys__usb__device_next.a(usbd_endpoint.c.obj)
                0x100068c0                usbd_ep_is_halted
 .text.usbd_msg_pub_simple
                0x100068d6       0x1c zephyr/subsys/usb/device_next/libsubsys__usb__device_next.a(usbd_msg.c.obj)
                0x100068d6                usbd_msg_pub_simple
 .text.usbd_msg_pub_device
                0x100068f2       0x1c zephyr/subsys/usb/device_next/libsubsys__usb__device_next.a(usbd_msg.c.obj)
                0x100068f2                usbd_msg_pub_device
 .text.usbd_cdc_acm_update
                0x1000690e        0x2 zephyr/subsys/usb/device_next/libsubsys__usb__device_next.a(usbd_cdc_acm.c.obj)
 .text.usbd_cdc_acm_get_desc
                0x10006910        0x8 zephyr/subsys/usb/device_next/libsubsys__usb__device_next.a(usbd_cdc_acm.c.obj)
 .text.cdc_acm_update_uart_cfg
                0x10006918       0x4c zephyr/subsys/usb/device_next/libsubsys__usb__device_next.a(usbd_cdc_acm.c.obj)
 .text.cdc_acm_irq_tx_ready
                0x10006964       0x18 zephyr/subsys/usb/device_next/libsubsys__usb__device_next.a(usbd_cdc_acm.c.obj)
 .text.cdc_acm_irq_rx_ready
                0x1000697c        0x8 zephyr/subsys/usb/device_next/libsubsys__usb__device_next.a(usbd_cdc_acm.c.obj)
 .text.cdc_acm_irq_is_pending
                0x10006984       0x12 zephyr/subsys/usb/device_next/libsubsys__usb__device_next.a(usbd_cdc_acm.c.obj)
 .text.cdc_acm_irq_callback_set
                0x10006996        0x8 zephyr/subsys/usb/device_next/libsubsys__usb__device_next.a(usbd_cdc_acm.c.obj)
 .text.cdc_acm_line_ctrl_get
                0x1000699e       0x24 zephyr/subsys/usb/device_next/libsubsys__usb__device_next.a(usbd_cdc_acm.c.obj)
 .text.cdc_acm_configure
                0x100069c2       0x16 zephyr/subsys/usb/device_next/libsubsys__usb__device_next.a(usbd_cdc_acm.c.obj)
 .text.atomic_test_bit
                0x100069d8        0xc zephyr/subsys/usb/device_next/libsubsys__usb__device_next.a(usbd_cdc_acm.c.obj)
 .text.usbd_cdc_acm_suspended
                0x100069e4       0x18 zephyr/subsys/usb/device_next/libsubsys__usb__device_next.a(usbd_cdc_acm.c.obj)
 .text.cdc_acm_fifo_read
                0x100069fc       0x14 zephyr/subsys/usb/device_next/libsubsys__usb__device_next.a(usbd_cdc_acm.c.obj)
 .text.cdc_acm_poll_in
                0x10006a10       0x2a zephyr/subsys/usb/device_next/libsubsys__usb__device_next.a(usbd_cdc_acm.c.obj)
 .text.cdc_acm_fifo_fill
                0x10006a3a       0x2a zephyr/subsys/usb/device_next/libsubsys__usb__device_next.a(usbd_cdc_acm.c.obj)
 .text.cdc_acm_config_get
                0x10006a64        0xe zephyr/subsys/usb/device_next/libsubsys__usb__device_next.a(usbd_cdc_acm.c.obj)
 .text.usbd_cdc_acm_init
                0x10006a72       0x36 zephyr/subsys/usb/device_next/libsubsys__usb__device_next.a(usbd_cdc_acm.c.obj)
 .text.usbd_cdc_acm_ctd
                0x10006aa8       0x5e zephyr/subsys/usb/device_next/libsubsys__usb__device_next.a(usbd_cdc_acm.c.obj)
 .text.usbd_cdc_acm_cth
                0x10006b06       0x32 zephyr/subsys/usb/device_next/libsubsys__usb__device_next.a(usbd_cdc_acm.c.obj)
 .text.atomic_clear_bit
                0x10006b38       0x16 zephyr/subsys/usb/device_next/libsubsys__usb__device_next.a(usbd_cdc_acm.c.obj)
 .text.cdc_acm_irq_rx_disable
                0x10006b4e        0xa zephyr/subsys/usb/device_next/libsubsys__usb__device_next.a(usbd_cdc_acm.c.obj)
 .text.cdc_acm_irq_tx_disable
                0x10006b58        0xa zephyr/subsys/usb/device_next/libsubsys__usb__device_next.a(usbd_cdc_acm.c.obj)
 .text.usbd_cdc_acm_disable
                0x10006b62       0x1a zephyr/subsys/usb/device_next/libsubsys__usb__device_next.a(usbd_cdc_acm.c.obj)
 .text.usbd_cdc_acm_resumed
                0x10006b7c        0xc zephyr/subsys/usb/device_next/libsubsys__usb__device_next.a(usbd_cdc_acm.c.obj)
 .text.cdc_acm_tx_fifo_handler
                0x10006b88       0xd2 zephyr/subsys/usb/device_next/libsubsys__usb__device_next.a(usbd_cdc_acm.c.obj)
 .text.cdc_acm_line_ctrl_set
                0x10006c5a       0xee zephyr/subsys/usb/device_next/libsubsys__usb__device_next.a(usbd_cdc_acm.c.obj)
 .text.usbd_cdc_acm_request
                0x10006d48      0x100 zephyr/subsys/usb/device_next/libsubsys__usb__device_next.a(usbd_cdc_acm.c.obj)
 .text.cdc_acm_irq_cb_handler
                0x10006e48       0xae zephyr/subsys/usb/device_next/libsubsys__usb__device_next.a(usbd_cdc_acm.c.obj)
 .text.cdc_acm_rx_fifo_handler
                0x10006ef6       0x82 zephyr/subsys/usb/device_next/libsubsys__usb__device_next.a(usbd_cdc_acm.c.obj)
 .text.cdc_acm_irq_update
                0x10006f78       0x44 zephyr/subsys/usb/device_next/libsubsys__usb__device_next.a(usbd_cdc_acm.c.obj)
 .text.cdc_acm_irq_tx_enable
                0x10006fbc       0x2e zephyr/subsys/usb/device_next/libsubsys__usb__device_next.a(usbd_cdc_acm.c.obj)
 .text.cdc_acm_irq_rx_enable
                0x10006fea       0x42 zephyr/subsys/usb/device_next/libsubsys__usb__device_next.a(usbd_cdc_acm.c.obj)
 .text.usbd_cdc_acm_enable
                0x1000702c       0x48 zephyr/subsys/usb/device_next/libsubsys__usb__device_next.a(usbd_cdc_acm.c.obj)
 .text.udc_buf_destroy
                0x10007074       0x30 zephyr/drivers/usb/udc/libdrivers__usb__udc.a(udc_common.c.obj)
 .text.ep_check_config.isra.0
                0x100070a4       0x6c zephyr/drivers/usb/udc/libdrivers__usb__udc.a(udc_common.c.obj)
 .text.udc_is_initialized.isra.0
                0x10007110        0xc zephyr/drivers/usb/udc/libdrivers__usb__udc.a(udc_common.c.obj)
 .text.udc_is_enabled.isra.0
                0x1000711c        0xc zephyr/drivers/usb/udc/libdrivers__usb__udc.a(udc_common.c.obj)
 .text.udc_set_suspended
                0x10007128       0x2e zephyr/drivers/usb/udc/libdrivers__usb__udc.a(udc_common.c.obj)
                0x10007128                udc_set_suspended
 .text.udc_get_ep_cfg
                0x10007156       0x12 zephyr/drivers/usb/udc/libdrivers__usb__udc.a(udc_common.c.obj)
                0x10007156                udc_get_ep_cfg
 .text.udc_ep_is_busy
                0x10007168        0x8 zephyr/drivers/usb/udc/libdrivers__usb__udc.a(udc_common.c.obj)
                0x10007168                udc_ep_is_busy
 .text.udc_ep_set_busy
                0x10007170        0xa zephyr/drivers/usb/udc/libdrivers__usb__udc.a(udc_common.c.obj)
                0x10007170                udc_ep_set_busy
 .text.udc_register_ep
                0x1000717a       0x2c zephyr/drivers/usb/udc/libdrivers__usb__udc.a(udc_common.c.obj)
                0x1000717a                udc_register_ep
 .text.udc_buf_get
                0x100071a6        0x8 zephyr/drivers/usb/udc/libdrivers__usb__udc.a(udc_common.c.obj)
                0x100071a6                udc_buf_get
 .text.udc_buf_peek
                0x100071ae        0x4 zephyr/drivers/usb/udc/libdrivers__usb__udc.a(udc_common.c.obj)
                0x100071ae                udc_buf_peek
 .text.udc_buf_put
                0x100071b2        0x4 zephyr/drivers/usb/udc/libdrivers__usb__udc.a(udc_common.c.obj)
                0x100071b2                udc_buf_put
 .text.udc_ep_buf_has_zlp
                0x100071b6        0x8 zephyr/drivers/usb/udc/libdrivers__usb__udc.a(udc_common.c.obj)
                0x100071b6                udc_ep_buf_has_zlp
 .text.udc_ep_buf_clear_zlp
                0x100071be        0xa zephyr/drivers/usb/udc/libdrivers__usb__udc.a(udc_common.c.obj)
                0x100071be                udc_ep_buf_clear_zlp
 .text.udc_submit_event
                0x100071c8       0x18 zephyr/drivers/usb/udc/libdrivers__usb__udc.a(udc_common.c.obj)
                0x100071c8                udc_submit_event
 .text.udc_submit_ep_event
                0x100071e0       0x30 zephyr/drivers/usb/udc/libdrivers__usb__udc.a(udc_common.c.obj)
                0x100071e0                udc_submit_ep_event
 .text.udc_ep_cancel_queued
                0x10007210       0x1e zephyr/drivers/usb/udc/libdrivers__usb__udc.a(udc_common.c.obj)
                0x10007210                udc_ep_cancel_queued
 .text.udc_setup_received
                0x1000722e       0xb4 zephyr/drivers/usb/udc/libdrivers__usb__udc.a(udc_common.c.obj)
                0x1000722e                udc_setup_received
 .text.udc_ep_try_config
                0x100072e2       0x8a zephyr/drivers/usb/udc/libdrivers__usb__udc.a(udc_common.c.obj)
                0x100072e2                udc_ep_try_config
 .text.udc_ep_enable_internal
                0x1000736c       0x64 zephyr/drivers/usb/udc/libdrivers__usb__udc.a(udc_common.c.obj)
                0x1000736c                udc_ep_enable_internal
 .text.udc_ep_enable
                0x100073d0       0x52 zephyr/drivers/usb/udc/libdrivers__usb__udc.a(udc_common.c.obj)
                0x100073d0                udc_ep_enable
 .text.udc_ep_disable_internal
                0x10007422       0x3e zephyr/drivers/usb/udc/libdrivers__usb__udc.a(udc_common.c.obj)
                0x10007422                udc_ep_disable_internal
 .text.udc_ep_disable
                0x10007460       0x38 zephyr/drivers/usb/udc/libdrivers__usb__udc.a(udc_common.c.obj)
                0x10007460                udc_ep_disable
 .text.udc_ep_set_halt
                0x10007498       0x54 zephyr/drivers/usb/udc/libdrivers__usb__udc.a(udc_common.c.obj)
                0x10007498                udc_ep_set_halt
 .text.udc_ep_clear_halt
                0x100074ec       0x60 zephyr/drivers/usb/udc/libdrivers__usb__udc.a(udc_common.c.obj)
                0x100074ec                udc_ep_clear_halt
 .text.udc_ep_enqueue
                0x1000754c       0x8c zephyr/drivers/usb/udc/libdrivers__usb__udc.a(udc_common.c.obj)
                0x1000754c                udc_ep_enqueue
 .text.udc_ep_queue_is_empty
                0x100075d8       0x2e zephyr/drivers/usb/udc/libdrivers__usb__udc.a(udc_common.c.obj)
                0x100075d8                udc_ep_queue_is_empty
 .text.udc_ep_dequeue
                0x10007606       0x42 zephyr/drivers/usb/udc/libdrivers__usb__udc.a(udc_common.c.obj)
                0x10007606                udc_ep_dequeue
 .text.udc_ctrl_setup_alloc
                0x10007648       0x1e zephyr/drivers/usb/udc/libdrivers__usb__udc.a(udc_common.c.obj)
                0x10007648                udc_ctrl_setup_alloc
 .text.udc_ctrl_data_alloc
                0x10007666       0x28 zephyr/drivers/usb/udc/libdrivers__usb__udc.a(udc_common.c.obj)
                0x10007666                udc_ctrl_data_alloc
 .text.udc_ctrl_status_alloc
                0x1000768e       0x22 zephyr/drivers/usb/udc/libdrivers__usb__udc.a(udc_common.c.obj)
                0x1000768e                udc_ctrl_status_alloc
 .text.udc_ep_buf_free
                0x100076b0       0x1c zephyr/drivers/usb/udc/libdrivers__usb__udc.a(udc_common.c.obj)
                0x100076b0                udc_ep_buf_free
 .text.udc_device_speed
                0x100076cc       0x2c zephyr/drivers/usb/udc/libdrivers__usb__udc.a(udc_common.c.obj)
                0x100076cc                udc_device_speed
 .text.udc_enable
                0x100076f8       0x50 zephyr/drivers/usb/udc/libdrivers__usb__udc.a(udc_common.c.obj)
                0x100076f8                udc_enable
 .text.udc_disable
                0x10007748       0x40 zephyr/drivers/usb/udc/libdrivers__usb__udc.a(udc_common.c.obj)
                0x10007748                udc_disable
 .text.udc_init
                0x10007788       0x5e zephyr/drivers/usb/udc/libdrivers__usb__udc.a(udc_common.c.obj)
                0x10007788                udc_init
 .text.udc_shutdown
                0x100077e6       0x4e zephyr/drivers/usb/udc/libdrivers__usb__udc.a(udc_common.c.obj)
                0x100077e6                udc_shutdown
 .text.udc_rpi_pico_set_address
                0x10007834        0xa zephyr/drivers/usb/udc/libdrivers__usb__udc.a(udc_rpi_pico.c.obj)
 .text.udc_rpi_pico_host_wakeup
                0x1000783e       0x20 zephyr/drivers/usb/udc/libdrivers__usb__udc.a(udc_rpi_pico.c.obj)
 .text.udc_rpi_pico_shutdown
                0x1000785e       0x14 zephyr/drivers/usb/udc/libdrivers__usb__udc.a(udc_rpi_pico.c.obj)
 .text.udc_rpi_pico_disable
                0x10007872       0x2c zephyr/drivers/usb/udc/libdrivers__usb__udc.a(udc_rpi_pico.c.obj)
 .text.udc_rpi_pico_irq_disable_func_0
                0x1000789e        0x6 zephyr/drivers/usb/udc/libdrivers__usb__udc.a(udc_rpi_pico.c.obj)
 .text.udc_rpi_pico_irq_enable_func_0
                0x100078a4       0x16 zephyr/drivers/usb/udc/libdrivers__usb__udc.a(udc_rpi_pico.c.obj)
 .text.atomic_clear
                0x100078ba       0x12 zephyr/drivers/usb/udc/libdrivers__usb__udc.a(udc_rpi_pico.c.obj)
 .text.udc_rpi_pico_lock
                0x100078cc       0x1c zephyr/drivers/usb/udc/libdrivers__usb__udc.a(udc_rpi_pico.c.obj)
 .text.read_buf_ctrl_reg.isra.0
                0x100078e8       0x1c zephyr/drivers/usb/udc/libdrivers__usb__udc.a(udc_rpi_pico.c.obj)
 .text.udc_rpi_pico_init
                0x10007904       0x40 zephyr/drivers/usb/udc/libdrivers__usb__udc.a(udc_rpi_pico.c.obj)
 .text.udc_rpi_pico_unlock
                0x10007944       0x12 zephyr/drivers/usb/udc/libdrivers__usb__udc.a(udc_rpi_pico.c.obj)
 .text.udc_rpi_pico_driver_preinit
                0x10007956      0x136 zephyr/drivers/usb/udc/libdrivers__usb__udc.a(udc_rpi_pico.c.obj)
 .text.k_event_post.isra.0
                0x10007a8c        0x4 zephyr/drivers/usb/udc/libdrivers__usb__udc.a(udc_rpi_pico.c.obj)
 .text.atomic_set_bit
                0x10007a90       0x1e zephyr/drivers/usb/udc/libdrivers__usb__udc.a(udc_rpi_pico.c.obj)
 .text.write_buf_ctrl_reg.isra.0
                0x10007aae       0x1c zephyr/drivers/usb/udc/libdrivers__usb__udc.a(udc_rpi_pico.c.obj)
 .text.rpi_pico_prep_rx.isra.0
                0x10007aca       0x88 zephyr/drivers/usb/udc/libdrivers__usb__udc.a(udc_rpi_pico.c.obj)
 .text.rpi_pico_ep_cancel
                0x10007b52       0x6a zephyr/drivers/usb/udc/libdrivers__usb__udc.a(udc_rpi_pico.c.obj)
 .text.udc_rpi_pico_ep_set_halt
                0x10007bbc       0x82 zephyr/drivers/usb/udc/libdrivers__usb__udc.a(udc_rpi_pico.c.obj)
 .text.udc_rpi_pico_ep_dequeue
                0x10007c3e       0x2e zephyr/drivers/usb/udc/libdrivers__usb__udc.a(udc_rpi_pico.c.obj)
 .text.udc_rpi_pico_ep_enable
                0x10007c6c       0x92 zephyr/drivers/usb/udc/libdrivers__usb__udc.a(udc_rpi_pico.c.obj)
 .text.rpi_pico_prep_tx
                0x10007cfe       0xa4 zephyr/drivers/usb/udc/libdrivers__usb__udc.a(udc_rpi_pico.c.obj)
 .text.rpi_pico_handle_xfer_next
                0x10007da2       0x58 zephyr/drivers/usb/udc/libdrivers__usb__udc.a(udc_rpi_pico.c.obj)
 .text.udc_rpi_pico_ep_clear_halt
                0x10007dfa       0xd2 zephyr/drivers/usb/udc/libdrivers__usb__udc.a(udc_rpi_pico.c.obj)
 .text.udc_rpi_pico_ep_disable
                0x10007ecc       0x62 zephyr/drivers/usb/udc/libdrivers__usb__udc.a(udc_rpi_pico.c.obj)
 .text.udc_rpi_pico_thread_0
                0x10007f2e      0x144 zephyr/drivers/usb/udc/libdrivers__usb__udc.a(udc_rpi_pico.c.obj)
 .text.udc_rpi_pico_ep_enqueue
                0x10008072       0x40 zephyr/drivers/usb/udc/libdrivers__usb__udc.a(udc_rpi_pico.c.obj)
 .text.usb_pool_data_unref
                0x100080b2       0x18 zephyr/drivers/usb/common/buf/libdrivers__usb__common__buf.a(usb_buf.c.obj)
 .text.usb_pool_data_alloc
                0x100080ca       0x2c zephyr/drivers/usb/common/buf/libdrivers__usb__common__buf.a(usb_buf.c.obj)
 .text.clock_control_rpi_pico_on
                0x100080f6       0x3c zephyr/drivers/clock_control/libdrivers__clock_control.a(clock_control_rpi_pico.c.obj)
 .text.clock_control_rpi_pico_off
                0x10008132       0x3c zephyr/drivers/clock_control/libdrivers__clock_control.a(clock_control_rpi_pico.c.obj)
 .text.rpi_pico_is_clock_enabled.isra.0
                0x1000816e       0x50 zephyr/drivers/clock_control/libdrivers__clock_control.a(clock_control_rpi_pico.c.obj)
 .text.clock_control_rpi_pico_get_status
                0x100081be       0x18 zephyr/drivers/clock_control/libdrivers__clock_control.a(clock_control_rpi_pico.c.obj)
 .text.clock_control_rpi_pico_get_rate
                0x100081d6       0x1e zephyr/drivers/clock_control/libdrivers__clock_control.a(clock_control_rpi_pico.c.obj)
 .text.gpio_rpi_port_get_raw
                0x100081f4        0xa zephyr/drivers/gpio/libdrivers__gpio.a(gpio_rpi_pico.c.obj)
 .text.gpio_rpi_port_set_bits_raw
                0x100081fe       0x24 zephyr/drivers/gpio/libdrivers__gpio.a(gpio_rpi_pico.c.obj)
 .text.gpio_rpi_port_clear_bits_raw
                0x10008222       0x24 zephyr/drivers/gpio/libdrivers__gpio.a(gpio_rpi_pico.c.obj)
 .text.gpio_rpi_port_toggle_bits
                0x10008246       0x16 zephyr/drivers/gpio/libdrivers__gpio.a(gpio_rpi_pico.c.obj)
 .text.gpio_rpi_manage_callback
                0x1000825c       0x54 zephyr/drivers/gpio/libdrivers__gpio.a(gpio_rpi_pico.c.obj)
 .text.gpio_rpi_bank_init
                0x100082b0        0xe zephyr/drivers/gpio/libdrivers__gpio.a(gpio_rpi_pico.c.obj)
 .text.gpio_rpi_pin_interrupt_configure
                0x100082be       0x42 zephyr/drivers/gpio/libdrivers__gpio.a(gpio_rpi_pico.c.obj)
 .text.bank_0_config_func
                0x10008300       0x16 zephyr/drivers/gpio/libdrivers__gpio.a(gpio_rpi_pico.c.obj)
 .text.gpio_rpi_port_set_masked_raw
                0x10008316       0x40 zephyr/drivers/gpio/libdrivers__gpio.a(gpio_rpi_pico.c.obj)
 .text.z_impl_hwinfo_get_device_id
                0x10008356       0x38 zephyr/drivers/hwinfo/libdrivers__hwinfo.a(hwinfo_rpi_pico.c.obj)
                0x10008356                z_impl_hwinfo_get_device_id
 .text.pinctrl_lookup_state
                0x1000838e       0x24 zephyr/drivers/pinctrl/libdrivers__pinctrl.a(common.c.obj)
                0x1000838e                pinctrl_lookup_state
 .text.pinctrl_configure_pins
                0x100083b2       0xc2 zephyr/drivers/pinctrl/libdrivers__pinctrl.a(pinctrl_rpi_pico.c.obj)
                0x100083b2                pinctrl_configure_pins
 .text.pwr_on_raspberrypi_pico_uart
                0x10008474        0x4 zephyr/drivers/serial/libdrivers__serial.a(uart_pl011.c.obj)
 .text.clk_enable_raspberrypi_pico_uart
                0x10008478        0x4 zephyr/drivers/serial/libdrivers__serial.a(uart_pl011.c.obj)
 .text.pl011_poll_in
                0x1000847c       0x2a zephyr/drivers/serial/libdrivers__serial.a(uart_pl011.c.obj)
 .text.pl011_poll_out
                0x100084a6        0xe zephyr/drivers/serial/libdrivers__serial.a(uart_pl011.c.obj)
 .text.pl011_err_check
                0x100084b4       0x28 zephyr/drivers/serial/libdrivers__serial.a(uart_pl011.c.obj)
 .text.pl011_runtime_config_get
                0x100084dc       0x10 zephyr/drivers/serial/libdrivers__serial.a(uart_pl011.c.obj)
 .text.pl011_fifo_fill
                0x100084ec       0x1e zephyr/drivers/serial/libdrivers__serial.a(uart_pl011.c.obj)
 .text.pl011_fifo_read
                0x1000850a       0x1e zephyr/drivers/serial/libdrivers__serial.a(uart_pl011.c.obj)
 .text.pl011_irq_tx_enable
                0x10008528       0x62 zephyr/drivers/serial/libdrivers__serial.a(uart_pl011.c.obj)
 .text.pl011_irq_tx_disable
                0x1000858a       0x14 zephyr/drivers/serial/libdrivers__serial.a(uart_pl011.c.obj)
 .text.pl011_irq_tx_complete
                0x1000859e       0x10 zephyr/drivers/serial/libdrivers__serial.a(uart_pl011.c.obj)
 .text.pl011_irq_tx_ready
                0x100085ae       0x2c zephyr/drivers/serial/libdrivers__serial.a(uart_pl011.c.obj)
 .text.pl011_irq_rx_enable
                0x100085da        0xe zephyr/drivers/serial/libdrivers__serial.a(uart_pl011.c.obj)
 .text.pl011_irq_rx_disable
                0x100085e8        0xe zephyr/drivers/serial/libdrivers__serial.a(uart_pl011.c.obj)
 .text.pl011_irq_rx_ready
                0x100085f6       0x26 zephyr/drivers/serial/libdrivers__serial.a(uart_pl011.c.obj)
 .text.pl011_irq_err_enable
                0x1000861c        0xe zephyr/drivers/serial/libdrivers__serial.a(uart_pl011.c.obj)
 .text.pl011_irq_err_disable
                0x1000862a        0xe zephyr/drivers/serial/libdrivers__serial.a(uart_pl011.c.obj)
 .text.pl011_irq_is_pending
                0x10008638       0x2a zephyr/drivers/serial/libdrivers__serial.a(uart_pl011.c.obj)
 .text.pl011_irq_callback_set
                0x10008662        0x8 zephyr/drivers/serial/libdrivers__serial.a(uart_pl011.c.obj)
 .text.pl011_isr
                0x1000866a       0x4c zephyr/drivers/serial/libdrivers__serial.a(uart_pl011.c.obj)
                0x1000866a                pl011_isr
 .text.pl011_irq_config_func_0
                0x100086b6       0x16 zephyr/drivers/serial/libdrivers__serial.a(uart_pl011.c.obj)
 .text.pl011_runtime_configure
                0x100086cc        0x6 zephyr/drivers/serial/libdrivers__serial.a(uart_pl011.c.obj)
 .text.pl011_init
                0x100086d2      0x112 zephyr/drivers/serial/libdrivers__serial.a(uart_pl011.c.obj)
 .text.sys_clock_lock
                0x100087e4       0x10 zephyr/drivers/timer/libdrivers__timer.a(cortex_m_systick.c.obj)
 .text.clock_configure
                0x100087f4       0x52 modules/hal_rpi_pico/libmodules__hal_rpi_pico.a(clocks.c.obj)
                0x100087f4                clock_configure
 .text.tick_start
                0x10008846       0x14 modules/hal_rpi_pico/libmodules__hal_rpi_pico.a(ticks.c.obj)
                0x10008846                tick_start
 .text.gpio_set_irqover
                0x1000885a       0x1e modules/hal_rpi_pico/libmodules__hal_rpi_pico.a(gpio.c.obj)
                0x1000885a                gpio_set_irqover
 .text.gpio_set_inover
                0x10008878       0x1e modules/hal_rpi_pico/libmodules__hal_rpi_pico.a(gpio.c.obj)
                0x10008878                gpio_set_inover
 .text.gpio_set_outover
                0x10008896       0x1e modules/hal_rpi_pico/libmodules__hal_rpi_pico.a(gpio.c.obj)
                0x10008896                gpio_set_outover
 .text.gpio_set_oeover
                0x100088b4       0x1e modules/hal_rpi_pico/libmodules__hal_rpi_pico.a(gpio.c.obj)
                0x100088b4                gpio_set_oeover
 .text.gpio_init
                0x100088d2       0x12 modules/hal_rpi_pico/libmodules__hal_rpi_pico.a(gpio.c.obj)
                0x100088d2                gpio_init
 .text.flash_get_unique_id
                0x100088e4       0x3c modules/hal_rpi_pico/libmodules__hal_rpi_pico.a(flash.c.obj)
                0x100088e4                flash_get_unique_id
 .text.do_device_init
                0x10008920       0x30 zephyr/kernel/libkernel.a(device.c.obj)
                0x10008920                do_device_init
 .text.z_impl_device_is_ready
                0x10008950       0x16 zephyr/kernel/libkernel.a(device.c.obj)
                0x10008950                z_impl_device_is_ready
 .text.arch_system_halt
                0x10008966       0x10 zephyr/kernel/libkernel.a(fatal.c.obj)
                0x10008966                arch_system_halt
 .text.k_sys_fatal_error_handler
                0x10008976        0x6 zephyr/kernel/libkernel.a(fatal.c.obj)
                0x10008976                k_sys_fatal_error_handler
 .text.z_heap_alloc_helper
                0x1000897c       0x84 zephyr/kernel/libkernel.a(kheap.c.obj)
 .text.k_heap_init
                0x10008a00       0x10 zephyr/kernel/libkernel.a(kheap.c.obj)
                0x10008a00                k_heap_init
 .text.k_heap_free
                0x10008a10       0x38 zephyr/kernel/libkernel.a(kheap.c.obj)
                0x10008a10                k_heap_free
 .text.create_free_list
                0x10008a48       0x44 zephyr/kernel/libkernel.a(mem_slab.c.obj)
 .text.k_mem_slab_free
                0x10008a8c       0x6e zephyr/kernel/libkernel.a(mem_slab.c.obj)
                0x10008a8c                k_mem_slab_free
 .text.idle     0x10008afa       0x16 zephyr/kernel/libkernel.a(idle.c.obj)
                0x10008afa                idle
 .text.unpend_thread_no_timeout
                0x10008b10       0x1a zephyr/kernel/libkernel.a(msg_q.c.obj)
 .text.z_impl_k_msgq_put
                0x10008b2a        0xe zephyr/kernel/libkernel.a(msg_q.c.obj)
                0x10008b2a                z_impl_k_msgq_put
 .text.adjust_owner_prio.isra.0
                0x10008b38       0x10 zephyr/kernel/libkernel.a(mutex.c.obj)
 .text.z_impl_k_mutex_init
                0x10008b48        0xe zephyr/kernel/libkernel.a(mutex.c.obj)
                0x10008b48                z_impl_k_mutex_init
 .text.unpend_thread_no_timeout
                0x10008b56       0x1a zephyr/kernel/libkernel.a(queue.c.obj)
 .text.queue_insert
                0x10008b70       0xc2 zephyr/kernel/libkernel.a(queue.c.obj)
 .text.z_impl_k_queue_init
                0x10008c32       0x10 zephyr/kernel/libkernel.a(queue.c.obj)
                0x10008c32                z_impl_k_queue_init
 .text.k_queue_append
                0x10008c42       0x26 zephyr/kernel/libkernel.a(queue.c.obj)
                0x10008c42                k_queue_append
 .text.k_queue_prepend
                0x10008c68       0x24 zephyr/kernel/libkernel.a(queue.c.obj)
                0x10008c68                k_queue_prepend
 .text.z_impl_k_queue_peek_head
                0x10008c8c       0x24 zephyr/kernel/libkernel.a(queue.c.obj)
                0x10008c8c                z_impl_k_queue_peek_head
 .text.flag_test_and_clear
                0x10008cb0       0x16 zephyr/kernel/libkernel.a(work.c.obj)
 .text.unschedule_locked
                0x10008cc6       0x3e zephyr/kernel/libkernel.a(work.c.obj)
 .text.notify_queue_locked.isra.0
                0x10008d04       0x3e zephyr/kernel/libkernel.a(work.c.obj)
 .text.work_timeout
                0x10008d42       0x3c zephyr/kernel/libkernel.a(work.c.obj)
 .text.k_work_init
                0x10008d7e       0x12 zephyr/kernel/libkernel.a(work.c.obj)
                0x10008d7e                k_work_init
 .text.k_work_init_delayable
                0x10008d90       0x18 zephyr/kernel/libkernel.a(work.c.obj)
                0x10008d90                k_work_init_delayable
 .text.k_is_in_isr
                0x10008da8        0xc zephyr/kernel/libkernel.a(thread.c.obj)
                0x10008da8                k_is_in_isr
 .text.z_impl_k_thread_name_set
                0x10008db4        0x6 zephyr/kernel/libkernel.a(thread.c.obj)
                0x10008db4                z_impl_k_thread_name_set
 .text.z_thread_abort
                0x10008dba       0x3e zephyr/kernel/libkernel.a(thread.c.obj)
                0x10008dba                z_thread_abort
 .text.z_impl_k_yield
                0x10008df8        0x4 zephyr/kernel/libkernel.a(thread.c.obj)
                0x10008df8                z_impl_k_yield
 .text.sys_dlist_remove
                0x10008dfc       0x10 zephyr/kernel/libkernel.a(sched.c.obj)
 .text.unpend_thread_no_timeout
                0x10008e0c       0x14 zephyr/kernel/libkernel.a(sched.c.obj)
 .text.z_ready_thread
                0x10008e20       0x1e zephyr/kernel/libkernel.a(sched.c.obj)
                0x10008e20                z_ready_thread
 .text.add_to_waitq_locked
                0x10008e3e       0x4c zephyr/kernel/libkernel.a(sched.c.obj)
                0x10008e3e                z_sched_add_to_waitq_locked
 .text.z_sched_wake_thread_locked
                0x10008e8a       0x28 zephyr/kernel/libkernel.a(sched.c.obj)
                0x10008e8a                z_sched_wake_thread_locked
 .text.z_thread_timeout
                0x10008eb2       0x2a zephyr/kernel/libkernel.a(sched.c.obj)
                0x10008eb2                z_thread_timeout
 .text.z_unpend_all
                0x10008edc       0x42 zephyr/kernel/libkernel.a(sched.c.obj)
                0x10008edc                z_unpend_all
 .text.z_impl_k_sleep
                0x10008f1e       0x32 zephyr/kernel/libkernel.a(sleep.c.obj)
                0x10008f1e                z_impl_k_sleep
 .text.z_sched_waitq_walk
                0x10008f50       0x68 zephyr/kernel/libkernel.a(scheduler.c.obj)
                0x10008f50                z_sched_waitq_walk
 .text.z_time_slice_reset
                0x10008fb8        0xe zephyr/kernel/libkernel.a(timeslicing.c.obj)
                0x10008fb8                z_time_slice_reset
 .text.sys_clock_tick_get_32
                0x10008fc6        0x8 zephyr/kernel/libkernel.a(timeout.c.obj)
                0x10008fc6                sys_clock_tick_get_32
 .text.sys_timepoint_calc
                0x10008fce       0x4a zephyr/kernel/libkernel.a(timeout.c.obj)
                0x10008fce                sys_timepoint_calc
 .text.sys_timepoint_timeout
                0x10009018       0x42 zephyr/kernel/libkernel.a(timeout.c.obj)
                0x10009018                sys_timepoint_timeout
 .text.k_event_wait_internal
                0x1000905a       0x86 zephyr/kernel/libkernel.a(events.c.obj)
 .text.event_walk_op
                0x100090e0       0x3e zephyr/kernel/libkernel.a(events.c.obj)
 .text.z_impl_k_event_init
                0x1000911e        0xa zephyr/kernel/libkernel.a(events.c.obj)
                0x1000911e                z_impl_k_event_init
 .text.z_impl_k_event_post
                0x10009128        0x6 zephyr/kernel/libkernel.a(events.c.obj)
                0x10009128                z_impl_k_event_post
 .text.z_impl_k_event_clear
                0x1000912e        0x8 zephyr/kernel/libkernel.a(events.c.obj)
                0x1000912e                z_impl_k_event_clear
 .text.z_impl_k_event_wait
                0x10009136        0x6 zephyr/kernel/libkernel.a(events.c.obj)
                0x10009136                z_impl_k_event_wait
 .text.k_free   0x1000913c       0x26 zephyr/kernel/libkernel.a(mempool.c.obj)
                0x1000913c                k_free
 .text.memcpy   0x10009162       0x1a C:/Users/rcjam/zephyr-sdk-1.0.1/gnu/arm-zephyr-eabi/bin/../lib/gcc/arm-zephyr-eabi/14.3.0/../../../../arm-zephyr-eabi/lib/thumb/v8-m.main/nofp/space\libc.a(memcpy.c.o)
                0x10009162                __aeabi_memcpy
                0x10009162                __aeabi_memcpy4
                0x10009162                __aeabi_memcpy8
                0x10009162                memcpy
 .text.memset   0x1000917c       0x10 C:/Users/rcjam/zephyr-sdk-1.0.1/gnu/arm-zephyr-eabi/bin/../lib/gcc/arm-zephyr-eabi/14.3.0/../../../../arm-zephyr-eabi/lib/thumb/v8-m.main/nofp/space\libc.a(memset.c.o)
                0x1000917c                memset
 .text.strnlen  0x1000918c       0x18 C:/Users/rcjam/zephyr-sdk-1.0.1/gnu/arm-zephyr-eabi/bin/../lib/gcc/arm-zephyr-eabi/14.3.0/../../../../arm-zephyr-eabi/lib/thumb/v8-m.main/nofp/space\libc.a(libc_string_strnlen.c.o)
                0x1000918c                strnlen
 .text.__ultoa_invert
                0x100091a4       0xac C:/Users/rcjam/zephyr-sdk-1.0.1/gnu/arm-zephyr-eabi/bin/../lib/gcc/arm-zephyr-eabi/14.3.0/../../../../arm-zephyr-eabi/lib/thumb/v8-m.main/nofp/space\libc.a(libc_tinystdio_vflprintf.c.o)
 .text.__ultoa_invert.__stub
                0x10009250        0x8 linker stubs
 *(SORT_BY_ALIGNMENT(.gnu.linkonce.t.*))
 *(SORT_BY_ALIGNMENT(.glue_7t))
 .glue_7t       0x10009258        0x0 linker stubs
 *(SORT_BY_ALIGNMENT(.glue_7))
 .glue_7        0x10009258        0x0 linker stubs
 *(SORT_BY_ALIGNMENT(.vfp11_veneer))
 .vfp11_veneer  0x10009258        0x0 linker stubs
 *(SORT_BY_ALIGNMENT(.v4_bx))
 .v4_bx         0x10009258        0x0 linker stubs
                0x10009258                        . = ALIGN (0x4)
                0x10009258                        __text_region_end = .

.ARM.exidx      0x10009258        0x8
                0x10009258                        __exidx_start = .
 *(SORT_BY_ALIGNMENT(.ARM.exidx*) SORT_BY_ALIGNMENT(gnu.linkonce.armexidx.*))
 .ARM.exidx     0x10009258        0x8 C:/Users/rcjam/zephyr-sdk-1.0.1/gnu/arm-zephyr-eabi/bin/../lib/gcc/arm-zephyr-eabi/14.3.0/thumb/v8-m.main/nofp/space\libgcc.a(_udivmoddi4.o)
                0x10009260                        __exidx_end = .
                0x10009260                        __rodata_region_start = .

initlevel       0x10009260       0x68
                0x10009260                        __init_start = .
                0x10009260                        __init_EARLY_start = .
 *(SORT_BY_NAME(SORT_BY_ALIGNMENT(.z_init_EARLY_P_?_*)))
 *(SORT_BY_NAME(SORT_BY_ALIGNMENT(.z_init_EARLY_P_??_*)))
 *(SORT_BY_NAME(SORT_BY_ALIGNMENT(.z_init_EARLY_P_???_*)))
                0x10009260                        __init_PRE_KERNEL_1_start = .
 *(SORT_BY_NAME(SORT_BY_ALIGNMENT(.z_init_PRE_KERNEL_1_P_?_*)))
 *(SORT_BY_NAME(SORT_BY_ALIGNMENT(.z_init_PRE_KERNEL_1_P_??_*)))
 .z_init_PRE_KERNEL_1_P_30_SUB_00025_
                0x10009260        0x8 zephyr/drivers/clock_control/libdrivers__clock_control.a(clock_control_rpi_pico.c.obj)
 .z_init_PRE_KERNEL_1_P_30_SUB_0_
                0x10009268        0x8 zephyr/kernel/libkernel.a(kheap.c.obj)
 .z_init_PRE_KERNEL_1_P_35_SUB_00027_
                0x10009270        0x8 zephyr/drivers/reset/libdrivers__reset.a(reset_rpi_pico.c.obj)
 .z_init_PRE_KERNEL_1_P_50_SUB_00070_
                0x10009278        0x8 zephyr/drivers/serial/libdrivers__serial.a(uart_pl011.c.obj)
 .z_init_PRE_KERNEL_1_P_50_SUB_00080_
                0x10009280        0x8 zephyr/subsys/usb/device_next/libsubsys__usb__device_next.a(usbd_cdc_acm.c.obj)
 .z_init_PRE_KERNEL_1_P_60_SUB_0_
                0x10009288        0x8 zephyr/drivers/console/libdrivers__console.a(uart_console.c.obj)
 *(SORT_BY_NAME(SORT_BY_ALIGNMENT(.z_init_PRE_KERNEL_1_P_???_*)))
                0x10009290                        __init_PRE_KERNEL_2_start = .
 *(SORT_BY_NAME(SORT_BY_ALIGNMENT(.z_init_PRE_KERNEL_2_P_?_*)))
 .z_init_PRE_KERNEL_2_P_0_SUB_0_
                0x10009290        0x8 zephyr/drivers/timer/libdrivers__timer.a(cortex_m_systick.c.obj)
 *(SORT_BY_NAME(SORT_BY_ALIGNMENT(.z_init_PRE_KERNEL_2_P_??_*)))
 *(SORT_BY_NAME(SORT_BY_ALIGNMENT(.z_init_PRE_KERNEL_2_P_???_*)))
                0x10009298                        __init_POST_KERNEL_start = .
 *(SORT_BY_NAME(SORT_BY_ALIGNMENT(.z_init_POST_KERNEL_P_?_*)))
 *(SORT_BY_NAME(SORT_BY_ALIGNMENT(.z_init_POST_KERNEL_P_??_*)))
 .z_init_POST_KERNEL_P_35_SUB_0_
                0x10009298        0x8 zephyr/lib/libc/common/liblib__libc__common.a(malloc.c.obj)
 .z_init_POST_KERNEL_P_40_SUB_00037_
                0x100092a0        0x8 zephyr/drivers/gpio/libdrivers__gpio.a(gpio_rpi_pico.c.obj)
 .z_init_POST_KERNEL_P_50_SUB_00079_
                0x100092a8        0x8 zephyr/drivers/usb/udc/libdrivers__usb__udc.a(udc_rpi_pico.c.obj)
 .z_init_POST_KERNEL_P_90_SUB_0_
                0x100092b0        0x8 zephyr/subsys/usb/device_next/libsubsys__usb__device_next.a(usbd_core.c.obj)
 *(SORT_BY_NAME(SORT_BY_ALIGNMENT(.z_init_POST_KERNEL_P_???_*)))
                0x100092b8                        __init_APPLICATION_start = .
 *(SORT_BY_NAME(SORT_BY_ALIGNMENT(.z_init_APPLICATION_P_?_*)))
 .z_init_APPLICATION_P_0_SUB_0_
                0x100092b8        0x8 zephyr/libzephyr.a(boot_banner.c.obj)
 *(SORT_BY_NAME(SORT_BY_ALIGNMENT(.z_init_APPLICATION_P_??_*)))
 .z_init_APPLICATION_P_90_SUB_0_
                0x100092c0        0x8 zephyr/libzephyr.a(cdc_acm_serial.c.obj)
 *(SORT_BY_NAME(SORT_BY_ALIGNMENT(.z_init_APPLICATION_P_???_*)))
                0x100092c8                        __init_SMP_start = .
 *(SORT_BY_NAME(SORT_BY_ALIGNMENT(.z_init_SMP_P_?_*)))
 *(SORT_BY_NAME(SORT_BY_ALIGNMENT(.z_init_SMP_P_??_*)))
 *(SORT_BY_NAME(SORT_BY_ALIGNMENT(.z_init_SMP_P_???_*)))
                0x100092c8                        __init_end = .

device_area     0x100092c8       0xa8
                0x100092c8                        _device_list_start = .
 *(SORT_BY_NAME(SORT_BY_ALIGNMENT(._device.static.*_?_*)))
 *(SORT_BY_NAME(SORT_BY_ALIGNMENT(._device.static.*_??_*)))
 ._device.static.1_30_
                0x100092c8       0x1c zephyr/drivers/clock_control/libdrivers__clock_control.a(clock_control_rpi_pico.c.obj)
                0x100092c8                __device_dts_ord_25
 ._device.static.1_35_
                0x100092e4       0x1c zephyr/drivers/reset/libdrivers__reset.a(reset_rpi_pico.c.obj)
                0x100092e4                __device_dts_ord_27
 ._device.static.1_50_
                0x10009300       0x1c zephyr/subsys/usb/device_next/libsubsys__usb__device_next.a(usbd_cdc_acm.c.obj)
                0x10009300                __device_dts_ord_80
 ._device.static.1_50_
                0x1000931c       0x1c zephyr/drivers/serial/libdrivers__serial.a(uart_pl011.c.obj)
                0x1000931c                __device_dts_ord_70
 ._device.static.3_40_
                0x10009338       0x1c zephyr/drivers/gpio/libdrivers__gpio.a(gpio_rpi_pico.c.obj)
                0x10009338                __device_dts_ord_37
 ._device.static.3_50_
                0x10009354       0x1c zephyr/drivers/usb/udc/libdrivers__usb__udc.a(udc_rpi_pico.c.obj)
                0x10009354                __device_dts_ord_79
 *(SORT_BY_NAME(SORT_BY_ALIGNMENT(._device.static.*_???_*)))
 *(SORT_BY_NAME(SORT_BY_ALIGNMENT(._device.static.*_????_*)))
 *(SORT_BY_NAME(SORT_BY_ALIGNMENT(._device.static.*_?????_*)))
                0x10009370                        _device_list_end = .

sw_isr_table    0x10009370      0x1a0
                0x10009370                        . = ALIGN (0x4)
 *(SORT_BY_ALIGNMENT(.gnu.linkonce.sw_isr_table*))
 .gnu.linkonce.sw_isr_table
                0x10009370      0x1a0 zephyr/arch/common/libisr_tables.a(isr_tables.c.obj)
                0x10009370                _sw_isr_table

initlevel_error
 *(SORT_BY_NAME(SORT_BY_ALIGNMENT(.z_init_*)))
                0x00000001                        ASSERT ((SIZEOF (initlevel_error) == 0x0), Undefined initialization levels used.)

app_shmem_regions
                0x10009510        0x0
                0x10009510                        __app_shmem_regions_start = .
 *(SORT_BY_NAME(SORT_BY_ALIGNMENT(.app_regions.*)))
                0x10009510                        __app_shmem_regions_end = .

k_p4wq_initparam_area
                0x10009510        0x0
                0x10009510                        _k_p4wq_initparam_list_start = .
 *(SORT_BY_NAME(SORT_BY_ALIGNMENT(._k_p4wq_initparam.static.*)))
                0x10009510                        _k_p4wq_initparam_list_end = .

k_kernel_init_pre_entry_area
                0x10009510        0x4
                0x10009510                        _k_kernel_init_pre_entry_list_start = .
 *(SORT_BY_NAME(SORT_BY_ALIGNMENT(._k_kernel_init_pre_entry.static.*)))
 ._k_kernel_init_pre_entry.static._kernel_init_pre_init_mem_slab_module_
                0x10009510        0x4 zephyr/kernel/libkernel.a(mem_slab.c.obj)
                0x10009514                        _k_kernel_init_pre_entry_list_end = .

k_kernel_init_post_entry_area
                0x10009514        0x4
                0x10009514                        _k_kernel_init_post_entry_list_start = .
 *(SORT_BY_NAME(SORT_BY_ALIGNMENT(._k_kernel_init_post_entry.static.*)))
 ._k_kernel_init_post_entry.static._kernel_init_post_sys_work_q_init_
                0x10009514        0x4 zephyr/kernel/libkernel.a(system_work_q.c.obj)
                0x10009518                        _k_kernel_init_post_entry_list_end = .

_static_thread_data_area
                0x10009518       0x60
                0x10009518                        __static_thread_data_list_start = .
 *(SORT_BY_NAME(SORT_BY_ALIGNMENT(.__static_thread_data.static.*)))
 .__static_thread_data.static._k_thread_data_heartbeat_id_
                0x10009518       0x30 app/libapp.a(main.c.obj)
                0x10009518                _k_thread_data_heartbeat_id
 .__static_thread_data.static._k_thread_data_tamper_id_
                0x10009548       0x30 app/libapp.a(main.c.obj)
                0x10009548                _k_thread_data_tamper_id
                0x10009578                        __static_thread_data_list_end = .

device_deps     0x10009578        0x0
                0x10009578                        __device_deps_start = .
 *(SORT_BY_NAME(SORT_BY_ALIGNMENT(.__device_deps_pass2*)))
                0x10009578                        __device_deps_end = .

device_api_area
                0x10009578      0x14c
                0x10009578                        _gpio_driver_api_list_start = .
 *(SORT_BY_NAME(SORT_BY_ALIGNMENT(._gpio_driver_api.static.*)))
 ._gpio_driver_api.static.gpio_rpi_driver_api_
                0x10009578       0x24 zephyr/drivers/gpio/libdrivers__gpio.a(gpio_rpi_pico.c.obj)
                0x1000959c                        _gpio_driver_api_list_end = .
                0x1000959c                        _gpio_driver_api_ext_end = .
                0x1000959c                        _reset_driver_api_list_start = .
 *(SORT_BY_NAME(SORT_BY_ALIGNMENT(._reset_driver_api.static.*)))
 ._reset_driver_api.static.reset_rpi_driver_api_
                0x1000959c       0x10 zephyr/drivers/reset/libdrivers__reset.a(reset_rpi_pico.c.obj)
                0x100095ac                        _reset_driver_api_list_end = .
                0x100095ac                        _reset_driver_api_ext_end = .
                0x100095ac                        _shared_irq_driver_api_list_start = .
 *(SORT_BY_NAME(SORT_BY_ALIGNMENT(._shared_irq_driver_api.static.*)))
                0x100095ac                        _shared_irq_driver_api_list_end = .
                0x100095ac                        _shared_irq_driver_api_ext_end = .
                0x100095ac                        _audio_codec_driver_api_list_start = .
 *(SORT_BY_NAME(SORT_BY_ALIGNMENT(._audio_codec_driver_api.static.*)))
                0x100095ac                        _audio_codec_driver_api_list_end = .
                0x100095ac                        _audio_codec_driver_api_ext_end = .
                0x100095ac                        _dmic_driver_api_list_start = .
 *(SORT_BY_NAME(SORT_BY_ALIGNMENT(._dmic_driver_api.static.*)))
                0x100095ac                        _dmic_driver_api_list_end = .
                0x100095ac                        _dmic_driver_api_ext_end = .
                0x100095ac                        _crypto_driver_api_list_start = .
 *(SORT_BY_NAME(SORT_BY_ALIGNMENT(._crypto_driver_api.static.*)))
                0x100095ac                        _crypto_driver_api_list_end = .
                0x100095ac                        _crypto_driver_api_ext_end = .
                0x100095ac                        _adc_driver_api_list_start = .
 *(SORT_BY_NAME(SORT_BY_ALIGNMENT(._adc_driver_api.static.*)))
                0x100095ac                        _adc_driver_api_list_end = .
                0x100095ac                        _adc_driver_api_ext_end = .
                0x100095ac                        _auxdisplay_driver_api_list_start = .
 *(SORT_BY_NAME(SORT_BY_ALIGNMENT(._auxdisplay_driver_api.static.*)))
                0x100095ac                        _auxdisplay_driver_api_list_end = .
                0x100095ac                        _auxdisplay_driver_api_ext_end = .
                0x100095ac                        _bbram_driver_api_list_start = .
 *(SORT_BY_NAME(SORT_BY_ALIGNMENT(._bbram_driver_api.static.*)))
                0x100095ac                        _bbram_driver_api_list_end = .
                0x100095ac                        _bbram_driver_api_ext_end = .
                0x100095ac                        _biometric_driver_api_list_start = .
 *(SORT_BY_NAME(SORT_BY_ALIGNMENT(._biometric_driver_api.static.*)))
                0x100095ac                        _biometric_driver_api_list_end = .
                0x100095ac                        _biometric_driver_api_ext_end = .
                0x100095ac                        _bt_hci_driver_api_list_start = .
 *(SORT_BY_NAME(SORT_BY_ALIGNMENT(._bt_hci_driver_api.static.*)))
                0x100095ac                        _bt_hci_driver_api_list_end = .
                0x100095ac                        _bt_hci_driver_api_ext_end = .
                0x100095ac                        _buzzer_driver_api_list_start = .
 *(SORT_BY_NAME(SORT_BY_ALIGNMENT(._buzzer_driver_api.static.*)))
                0x100095ac                        _buzzer_driver_api_list_end = .
                0x100095ac                        _buzzer_driver_api_ext_end = .
                0x100095ac                        _can_driver_api_list_start = .
 *(SORT_BY_NAME(SORT_BY_ALIGNMENT(._can_driver_api.static.*)))
                0x100095ac                        _can_driver_api_list_end = .